// Jest Snapshot v1, https://goo.gl/fbAQLP

exports[`components/MobileMenu renders MobileMenu and can open it 1`] = `
<div>
  <div
    class="MobileMenu__Wrap-sc-17iiwc2-0 kQPDPY"
  >
    <div
      data-test="mobile-menu"
      class="MenuNavigation__Menu-sc-1v6nh0d-0 dFnsAv"
    >
      <div
        class="MenuNavigation__MenuInner-sc-1v6nh0d-1 eXSVVO"
      >
        <a
          class="sc-bdVaJa knFYzh"
          aria-current="false"
        >
          Erbjudanden
        </a>
        <a
          class="sc-bdVaJa knFYzh"
          aria-current="false"
        >
          Våra case
        </a>
        <a
          class="sc-bdVaJa knFYzh"
          aria-current="false"
        >
          Metod
        </a>
        <a
          class="sc-bdVaJa knFYzh"
          aria-current="false"
        >
          Medarbetare
        </a>
        <a
          class="sc-bdVaJa knFYzh"
          aria-current="false"
        >
          Karriär
        </a>
        <a
          class="sc-bdVaJa knFYzh"
          aria-current="false"
        >
          Om
        </a>
        <a
          class="sc-bdVaJa knFYzh"
          aria-current="false"
        >
          Kontakt
        </a>
      </div>
    </div>
    <button
      aria-label="Menu button"
      data-testid="btn-mobile-menu"
      role="button"
      class="MenuButton__Button-sc-1kgtumg-0 eauQOa"
    >
      <div
        class="MenuButton__Hamburger-sc-1kgtumg-2 bKBMSv"
        open=""
      >
        <div
          class="MenuButton__Bar-sc-1kgtumg-1 hoEwLf"
        />
        <div
          class="MenuButton__Bar-sc-1kgtumg-1 hoEwLf"
        />
        <div
          class="MenuButton__Bar-sc-1kgtumg-1 hoEwLf"
        />
      </div>
    </button>
  </div>
</div>
`;

exports[`components/MobileMenu should close the menu when navigating 1`] = `null`;
