// Jest Snapshot v1, https://goo.gl/fbAQLP

exports[`components/Cases renders Cases 1`] = `
<div>
  <div>
    <div
      class="GridColumn__GridColumnClean-sc-1xz61ww-0 sc-jAaTju jIDAaJ"
    >
      <div
        class="Header__Content-sc-1ofdv2r-0 limgqW"
      >
        <div
          class="Navigation__Wrap-sc-1i56sr4-0 dNCifP"
        >
          <a
            class="sc-cvbbAY dhRuSr"
          >
            <img
              data-testid="logo"
              path="test-file-stub"
              class="sc-jWBwVP jxyVEp"
            />
          </a>
          <div
            class="Navigation__NavigationItems-sc-1i56sr4-2 MOtbt"
          >
            <a
              class="sc-brqgnP hvWfHh"
              aria-current="false"
            >
              Erbjudanden
            </a>
            <a
              class="sc-brqgnP hvWfHh"
              aria-current="false"
            >
              Våra case
            </a>
            <a
              class="sc-brqgnP hvWfHh"
              aria-current="false"
            >
              Metod
            </a>
            <a
              class="sc-brqgnP hvWfHh"
              aria-current="false"
            >
              Medarbetare
            </a>
            <a
              class="sc-brqgnP hvWfHh"
              aria-current="false"
            >
              Karriär
            </a>
            <a
              class="sc-brqgnP hvWfHh"
              aria-current="false"
            >
              Om
            </a>
            <a
              class="sc-brqgnP sc-cMljjf lbGDpV"
              aria-current="false"
            >
              Kontakt
            </a>
            <div
              class="Navigation__Indicator-sc-1i56sr4-1 Vplmv"
            />
          </div>
        </div>
        <div
          class="Header__MessageRow-sc-1ofdv2r-1 indJOe"
        >
          <h1
            class="H1-sc-1k64xg2-0 sc-jDwBTQ fmYkNf"
          >
            <span
              class="Header__MessageLine-sc-1ofdv2r-2 hcZgwB"
            >
              Några exempel på
            </span>
            <br />
            <span
              class="Header__MessageLine-sc-1ofdv2r-2 hcZgwB"
            >
              sådant vi gjort
            </span>
          </h1>
        </div>
      </div>
    </div>
  </div>
  <div
    class="GridColumn__GridColumnClean-sc-1xz61ww-0 sc-htpNat kmHAwx"
  >
    <div
      class="PaddedRow-sc-13wt5gj-0 sc-bZQynM cbgimB"
    >
      <a
        class="sc-bdVaJa bssnas"
      >
        <div
          class="Cases__Case-sc-1mpal5q-3 esTvuF"
        >
          <div
            class="Cases__CaseImageWrap-sc-1mpal5q-0 bgAPjR"
          >
            <img
              src="//images.ctfassets.net/rj4r6yfcesw5/68OlBclfQAGMcEUsQgcIUY/9bdf52bb8a9a17be06e11ef3fa32d3de/vimla-case-phone.png"
              alt=""
              class="Cases__CaseImage-sc-1mpal5q-1 hDbRnX"
            />
          </div>
          <div
            class="Cases__Meta-sc-1mpal5q-2 dBHSfq"
          >
            <div
              class="Cases__Title-sc-1mpal5q-4 dFAQib"
            >
              Vimla
            </div>
            <div
              class="Cases__ShortDescription-sc-1mpal5q-5 dpJsLd"
            >
              Synliggörande av asylsökandes kompetens med digitala verktyg
            </div>
          </div>
        </div>
      </a>
      <a
        class="sc-bdVaJa bssnas"
      >
        <div
          class="Cases__Case-sc-1mpal5q-3 esTvuF"
        >
          <div
            class="Cases__CaseImageWrap-sc-1mpal5q-0 bgAPjR"
          >
            <img
              src="//images.ctfassets.net/rj4r6yfcesw5/UGucAeFycSqIGw0CAc0ys/3d58300261bcff64dba751de9228a150/tsab-case-phone.png"
              alt=""
              class="Cases__CaseImage-sc-1mpal5q-1 hDbRnX"
            />
          </div>
          <div
            class="Cases__Meta-sc-1mpal5q-2 dBHSfq"
          >
            <div
              class="Cases__Title-sc-1mpal5q-4 dFAQib"
            >
              Taxi Stockholm
            </div>
            <div
              class="Cases__ShortDescription-sc-1mpal5q-5 dpJsLd"
            >
              Synliggörande av asylsökandes kompetens med digitala verktyg
            </div>
          </div>
        </div>
      </a>
      <a
        class="sc-bdVaJa bssnas"
      >
        <div
          class="Cases__Case-sc-1mpal5q-3 esTvuF"
        >
          <div
            class="Cases__CaseImageWrap-sc-1mpal5q-0 bgAPjR"
          />
          <div
            class="Cases__Meta-sc-1mpal5q-2 dBHSfq"
          >
            <div
              class="Cases__Title-sc-1mpal5q-4 dFAQib"
            >
              SEB
            </div>
            <div
              class="Cases__ShortDescription-sc-1mpal5q-5 dpJsLd"
            >
              Synliggörande av asylsökandes kompetens med digitala verktyg
            </div>
          </div>
        </div>
      </a>
      <a
        class="sc-bdVaJa bssnas"
      >
        <div
          class="Cases__Case-sc-1mpal5q-3 esTvuF"
        >
          <div
            class="Cases__CaseImageWrap-sc-1mpal5q-0 bgAPjR"
          >
            <img
              src="//images.ctfassets.net/rj4r6yfcesw5/3Y7zZ25WbeOCU8w84kAEos/b97ff1899cf6f2e4dca0eb2b4f0d5a44/af.png"
              alt=""
              class="Cases__CaseImage-sc-1mpal5q-1 hDbRnX"
            />
          </div>
          <div
            class="Cases__Meta-sc-1mpal5q-2 dBHSfq"
          >
            <div
              class="Cases__Title-sc-1mpal5q-4 dFAQib"
            >
              Arbetsförmedlingen
            </div>
            <div
              class="Cases__ShortDescription-sc-1mpal5q-5 dpJsLd"
            >
              Synliggörande av asylsökandes kompetens med digitala verktyg
            </div>
          </div>
        </div>
      </a>
    </div>
  </div>
</div>
`;
