// Jest Snapshot v1, https://goo.gl/fbAQLP

exports[`components/Case renders Case 1`] = `
<div>
  <div
    class="sc-jKJlTe dsBMEe"
    data-test="header-case"
  >
    <div
      class="sc-eNQAEJ gJkmgd"
    >
      <div
        class="sc-bbmXgH dltjNi"
      >
        <a
          class="sc-gGBfsJ cNNKLH"
        >
          <img
            class="sc-jnlKLf ixkzHM"
            data-testid="logo"
            path="test-file-stub"
          />
        </a>
        <div
          class="sc-fYxtnH kHSMDi"
        >
          <a
            class="sc-hEsumM fOvejy"
            aria-current="false"
          >
            Om oss
          </a>
          <a
            class="sc-hEsumM fOvejy"
            aria-current="false"
          >
            Hur vi jobbar
          </a>
          <a
            class="sc-hEsumM fOvejy"
            aria-current="false"
          >
            Teamet
          </a>
          <a
            class="sc-hEsumM fOvejy active-nav"
            aria-current="true"
          >
            Våra case
          </a>
          <a
            class="sc-hEsumM fOvejy"
            aria-current="false"
          >
            Jobba hos oss
          </a>
          <a
            class="sc-hEsumM fOvejy"
            aria-current="false"
          >
            Drift & Support
          </a>
          <div
            class="sc-tilXH cDiLuN"
          />
        </div>
      </div>
      <div
        class="sc-hMqMXs fikvLY"
      >
        <div
          class="sc-kEYyzF gfWKdx"
        >
          <img
            class="sc-iAyFgw kQTMyT"
            alt=""
            src="//images.ctfassets.net/rj4r6yfcesw5/4p0ptdLj9SaECekOI4c6C2/c2cdeab1cebc9650ebb0e7778357c231/AF_ordbild_vit.png"
          />
          <div
            class="sc-hSdWYo bvMYOe"
          >
            <div
              class="sc-eHgmQL hcOggK"
            >
              API
            </div>
            <div
              class="sc-eHgmQL hcOggK"
            >
              Docker
            </div>
            <div
              class="sc-eHgmQL hcOggK"
            >
              UX
            </div>
            <div
              class="sc-eHgmQL hcOggK"
            >
              React
            </div>
            <div
              class="sc-eHgmQL hcOggK"
            >
              Vue
            </div>
          </div>
        </div>
        <div
          class="sc-cvbbAY goiKJf"
        >
          <img
            class="sc-kkGfuU boNqBP"
            alt=""
            src="//images.ctfassets.net/rj4r6yfcesw5/3Y7zZ25WbeOCU8w84kAEos/b97ff1899cf6f2e4dca0eb2b4f0d5a44/af.png"
          />
        </div>
      </div>
    </div>
  </div>
  <div
    class="sc-iwsKbI fwFOwW"
  >
    <div
      class="sc-gzVnrw cLTlOm"
      data-test="breadcrumbs"
    >
      <a
        class="sc-htoDjs dEAmle"
      >
        Våra case
      </a>
      <span>
        Arbetsförmedlingen
      </span>
    </div>
    <div
      class="react-reveal"
      style="opacity: 1;"
    >
      <div
        class="sc-bdVaJa fGzlqx"
        data-test="block-"
      >
        <div
          class="sc-bxivhb kgeHJJ"
        >
          <div
            class="sc-ifAKCX cFlEyZ"
          >
            <h3
              class="sc-bwzfXH kgEpTV"
            >
              En ny digital tjänst
            </h3>
          </div>
          <div
            class="sc-bZQynM hmvJjY"
          >
            <div
              class="sc-htpNat iEyarI"
            >
              <div>
                <p>
                  Aeneanurutrum, erat at tempus porttitor, mi eros vestibulum magna, eget semper mauris ipsum a nisi. Interdum et malesuada fames ac ante ipsum primis in faucibus. Class aptent taciti sociosqu ad litora torquent per conubia nostra, per inceptos himenaeos. Cras quis odio vel turpis pellentesque finibus. Pellentesque cursus diam ac ligula placerat volutpat. Vivamus dictum augue eu rutrum efficitur. Suspendisse ut pellentesque ante. Suspendisse odio velit, fringilla eu porta vel, elementum ac libero. Nam eu vestibulum magna. Vestibulum quis risus elementum, lobortis sapien at, rhoncus enim. Nam accumsan odio lacus, at facilisis lacus rhoncus vel. Suspendisse sollicitudin a ipsum at cursus.
                </p>
              </div>
            </div>
          </div>
        </div>
      </div>
    </div>
    <div
      class="react-reveal"
      style="opacity: 1;"
    >
      <div
        class="sc-bdVaJa fGzlqx"
        data-test="block-"
      >
        <div
          class="sc-bxivhb kgeHJJ"
        >
          <div
            class="sc-ifAKCX cFlEyZ"
          >
            <h3
              class="sc-bwzfXH kgEpTV"
            >
              Process
            </h3>
          </div>
          <div
            class="sc-bZQynM hmvJjY"
          >
            <div
              class="sc-htpNat iEyarI"
            >
              <div>
                <p>
                  Aeneanurutrum, erat at tempus porttitor, mi eros vestibulum magna, eget semper mauris ipsum a nisi. Interdum et malesuada fames ac ante ipsum primis in faucibus. Class aptent taciti sociosqu ad litora torquent per conubia nostra, per inceptos himenaeos. Cras quis odio vel turpis pellentesque finibus. Pellentesque cursus diam ac ligula placerat volutpat. Vivamus dictum augue eu rutrum efficitur. Suspendisse ut pellentesque ante. Suspendisse odio velit, fringilla eu porta vel, elementum ac libero. Nam eu vestibulum magna. Vestibulum quis risus elementum, lobortis sapien at, rhoncus enim. Nam accumsan odio lacus, at facilisis lacus rhoncus vel. Suspendisse sollicitudin a ipsum at cursus.
                </p>
              </div>
            </div>
          </div>
        </div>
      </div>
    </div>
    <div
      class="sc-kpOJdX bMuhnp"
      data-test="block-"
    >
      <div
        class="sc-bdVaJa fGzlqx"
      >
        <div
          class="sc-dxgOiQ gKXLgz"
        >
          ""We feel that our crew at Iteam are more colleagues than suppliers. Rather than specifying a tech spec to work on, we collaborate, carefully chiseling out functionality as we go along. This way of working has minimized waste and it has also taken us further than we ever imagined”"
        </div>
        <div
          class="sc-ckVGcZ dWozWL"
        >
          Anna Andersson, chef Arbetsförmedlingen
        </div>
      </div>
    </div>
    <div
      class="react-reveal"
      style="opacity: 1;"
    >
      <div
        class="sc-bdVaJa fGzlqx"
        data-test="block-"
      >
        <div
          class="sc-bxivhb kgeHJJ"
        >
          <div
            class="sc-ifAKCX cFlEyZ"
          >
            <h3
              class="sc-bwzfXH kgEpTV"
            >
              Utveckling
            </h3>
          </div>
          <div
            class="sc-bZQynM hmvJjY"
          >
            <div
              class="sc-htpNat iEyarI"
            >
              <div>
                <p>
                  Aeneanurutrum, erat at tempus porttitor, mi eros vestibulum magna, eget semper mauris ipsum a nisi. Interdum et malesuada fames ac ante ipsum primis in faucibus. Class aptent taciti sociosqu ad litora torquent per conubia nostra, per inceptos himenaeos. Cras quis odio vel turpis pellentesque finibus. Pellentesque cursus diam ac ligula placerat volutpat. Vivamus dictum augue eu rutrum efficitur. Suspendisse ut pellentesque ante. Suspendisse odio velit, fringilla eu porta vel, elementum ac libero. Nam eu vestibulum magna. Vestibulum quis risus elementum, lobortis sapien at, rhoncus enim. Nam accumsan odio lacus, at facilisis lacus rhoncus vel. Suspendisse sollicitudin a ipsum at cursus.
                </p>
              </div>
            </div>
          </div>
        </div>
      </div>
    </div>
    <div
      class="react-reveal"
      style="opacity: 1;"
    >
      <div
        class="sc-bdVaJa fGzlqx"
        data-test="block-"
      >
        <div
          class="sc-bxivhb kgeHJJ"
        >
          <div
            class="sc-ifAKCX cFlEyZ"
          >
            <h3
              class="sc-bwzfXH kgEpTV"
            >
              Arbetsförmedlingen
            </h3>
          </div>
          <div
            class="sc-bZQynM hmvJjY"
          >
            <div
              class="sc-htpNat iEyarI"
            >
              <div>
                <p>
                  Aeneanurutrum, erat at tempus porttitor, mi eros vestibulum magna, eget semper mauris ipsum a nisi. Interdum et malesuada fames ac ante ipsum primis in faucibus. Class aptent taciti sociosqu ad litora torquent per conubia nostra, per inceptos himenaeos. Cras quis odio vel turpis pellentesque finibus. Pellentesque cursus diam ac ligula placerat volutpat. Vivamus dictum augue eu rutrum efficitur. Suspendisse ut pellentesque ante. Suspendisse odio velit, fringilla eu porta vel, elementum ac libero. Nam eu vestibulum magna. Vestibulum quis risus elementum, lobortis sapien at, rhoncus enim. Nam accumsan odio lacus, at facilisis lacus rhoncus vel. Suspendisse sollicitudin a ipsum at cursus.
                </p>
              </div>
            </div>
          </div>
        </div>
      </div>
    </div>
    <div
      class="react-reveal"
      style="opacity: 1;"
    >
      <div
        class="sc-bdVaJa fGzlqx"
        data-test="block-"
      >
        <div
          class="sc-bxivhb kgeHJJ"
        >
          <div
            class="sc-ifAKCX cFlEyZ"
          >
            <h3
              class="sc-bwzfXH kgEpTV"
            >
              Samarbetspartners
            </h3>
          </div>
          <div
            class="sc-bZQynM hmvJjY"
          >
            <div
              class="sc-htpNat iEyarI"
            >
              <div>
                <p>
                  <a
                    href="https://hej.com"
                  >
                    Digitalbyrån
                  </a>
                </p>
              </div>
            </div>
          </div>
        </div>
      </div>
    </div>
    <div
      class="react-reveal"
      style="opacity: 1;"
    >
      <div
        class="sc-bdVaJa fGzlqx"
        data-test="block-"
      >
        <div
          class="sc-bxivhb kgeHJJ"
        >
          <div
            class="sc-ifAKCX cFlEyZ"
          >
            <h3
              class="sc-bwzfXH kgEpTV"
            >
              Presskontakt
            </h3>
          </div>
          <div
            class="sc-bZQynM hmvJjY"
          >
            <div
              class="sc-htpNat iEyarI"
            >
              <div>
                <ul>
                  <li>
                    <a
                      href="mailto:hans.rollman@iteam.se"
                    >
                      Hans Rollman
                    </a>
                  </li>
                  <li>
                    Johan Littorin, Telenor, 0734 41 72 85
                  </li>
                </ul>
              </div>
            </div>
          </div>
        </div>
      </div>
    </div>
    <div
      class="sc-kAzzGY bqxwXE"
      data-test="block-"
    >
      <div
        class="sc-bdVaJa fGzlqx"
      >
        <h3
          class="sc-bwzfXH kgEpTV"
        >
          Tekniker vi använt
        </h3>
        <div
          class="sc-chPdSV cJPFBO"
        >
          <div
            class="sc-kgoBCf fjfDEX"
          >
            <img
              class="sc-kGXeez gGoIiG"
              src="https://images.ctfassets.net/rj4r6yfcesw5/3ipy8GBepacEyeKM0weI0i/ac970f2117388796ff65e03bfe6aa920/docker.png"
            />
            Docker
          </div>
          <div
            class="sc-kgoBCf fjfDEX"
          >
            <img
              class="sc-kGXeez gGoIiG"
              src="https://images.ctfassets.net/rj4r6yfcesw5/6Khn8L48laAoQuCkaouyQG/010beebb44b078c743eba23b829891b5/react.svg"
            />
            React
          </div>
          <div
            class="sc-kgoBCf fjfDEX"
          >
            <img
              class="sc-kGXeez gGoIiG"
              src="https://images.ctfassets.net/rj4r6yfcesw5/5EBgyxee0oiGqqOmAEmAUq/74ac41b3ca4fd0fc31c64bb8c0fe5329/vue.svg"
            />
            Vue
          </div>
          <div
            class="sc-kgoBCf fjfDEX"
          >
            <img
              class="sc-kGXeez gGoIiG"
              src="https://images.ctfassets.net/rj4r6yfcesw5/3CIQ81A1M4EueKkYA8YgMY/f676e83c53791ccf15d3b35ab2e54fa6/node.svg"
            />
            NodeJS
          </div>
          <div
            class="sc-kgoBCf fjfDEX"
          >
            <img
              class="sc-kGXeez gGoIiG"
              src="https://images.ctfassets.net/rj4r6yfcesw5/4RmR16im884ykaUgEaiscA/c0b0f2278827d738d060b1f5442d0bb5/mandrill.svg"
            />
            Mandrill
          </div>
        </div>
      </div>
    </div>
  </div>
</div>
`;
