// Jest Snapshot v1, https://goo.gl/fbAQLP

exports[`components/Case renders Case 1`] = `
<div>
  <div
    class="sc-jKJlTe bLNckW"
    data-test="header-case"
  >
    <div
      class="sc-btzYZH cZSewS"
    >
      <a
        class="sc-lhVmIH ikqhWa"
      >
        <img
          class="sc-bYSBpT dCPoBO"
          data-testid="logo"
          path="test-file-stub"
        />
      </a>
      <div
        class="sc-elJkPf kVhaog"
      >
        <a
          class="sc-kTUwUJ fEMxFB"
          aria-current="false"
        >
          Erbjudanden
        </a>
        <a
          class="sc-kTUwUJ fEMxFB active-nav"
          aria-current="true"
        >
          Case
        </a>
        <a
          class="sc-kTUwUJ fEMxFB"
          aria-current="false"
        >
          Metod
        </a>
        <a
          class="sc-kTUwUJ fEMxFB"
          aria-current="false"
        >
          Medarbetare
        </a>
        <a
          class="sc-kTUwUJ fEMxFB"
          aria-current="false"
        >
          Karriär
        </a>
        <a
          class="sc-kTUwUJ fEMxFB"
          aria-current="false"
        >
          Om
        </a>
        <div
          class="sc-jtRfpW hwCVJp"
        />
      </div>
    </div>
    <div
      class="sc-eNQAEJ iSFLgg"
    >
      <div
        class="sc-hMqMXs eOCAEv"
      >
        <div
          class="sc-kEYyzF fitFfs"
        >
          <img
            class="sc-iAyFgw dVXGKn"
            alt="Logo"
            src="//images.ctfassets.net/rj4r6yfcesw5/4p0ptdLj9SaECekOI4c6C2/c2cdeab1cebc9650ebb0e7778357c231/AF_ordbild_vit.png"
          />
          <div
            class="sc-hSdWYo bIQQAp"
          >
            <div
              class="sc-eHgmQL hZUNZu"
            >
              API
            </div>
            <div
              class="sc-eHgmQL hZUNZu"
            >
              Docker
            </div>
            <div
              class="sc-eHgmQL hZUNZu"
            >
              UX
            </div>
            <div
              class="sc-eHgmQL hZUNZu"
            >
              React
            </div>
            <div
              class="sc-eHgmQL hZUNZu"
            >
              Vue
            </div>
          </div>
        </div>
        <div
          class="sc-cvbbAY lfKdVj"
        >
          <img
            class="sc-kkGfuU bPyGeV"
            alt=""
            src="//images.ctfassets.net/rj4r6yfcesw5/4cWj2fKl3GOQgSKss0IW0q/0b2322470ffb780b925c8e446e745540/af-cropped-by-aeo.png"
          />
        </div>
      </div>
    </div>
  </div>
  <div
    class="sc-jWBwVP bxNSNc"
  >
    <img
      class="sc-kkGfuU bPyGeV"
      alt=""
      src="//images.ctfassets.net/rj4r6yfcesw5/4cWj2fKl3GOQgSKss0IW0q/0b2322470ffb780b925c8e446e745540/af-cropped-by-aeo.png"
    />
  </div>
  <div
    class="sc-iwsKbI fwFOwW"
  >
    <div
      class="sc-gzVnrw cLTlOm"
      data-test="breadcrumbs"
    >
      <a
        class="sc-htoDjs dEAmle"
      >
        Våra case
      </a>
      <span>
        Arbetsförmedlingen
      </span>
    </div>
    <div
      class="react-reveal"
      style="opacity: 1;"
    >
      <div
        class="sc-bdVaJa fGzlqx"
        data-test="block-"
      >
        <div
          class="sc-bxivhb kgeHJJ"
        >
          <div
            class="sc-ifAKCX cFlEyZ"
          >
            <h3
              class="sc-bwzfXH kgEpTV"
            >
              En ny digital tjänst
            </h3>
          </div>
          <div
            class="sc-bZQynM hmvJjY"
          >
            <div
              class="sc-htpNat iEyarI"
            >
              <div>
                <p>
                  Aeneanurutrum, erat at tempus porttitor, mi eros vestibulum magna, eget semper mauris ipsum a nisi. Interdum et malesuada fames ac ante ipsum primis in faucibus. Class aptent taciti sociosqu ad litora torquent per conubia nostra, per inceptos himenaeos. Cras quis odio vel turpis pellentesque finibus. Pellentesque cursus diam ac ligula placerat volutpat. Vivamus dictum augue eu rutrum efficitur. Suspendisse ut pellentesque ante. Suspendisse odio velit, fringilla eu porta vel, elementum ac libero. Nam eu vestibulum magna. Vestibulum quis risus elementum, lobortis sapien at, rhoncus enim. Nam accumsan odio lacus, at facilisis lacus rhoncus vel. Suspendisse sollicitudin a ipsum at cursus.
                </p>
              </div>
            </div>
          </div>
        </div>
      </div>
    </div>
    <div
      class="react-reveal"
      style="opacity: 1;"
    >
      <div
        class="sc-bdVaJa fGzlqx"
        data-test="block-"
      >
        <div
          class="sc-bxivhb kgeHJJ"
        >
          <div
            class="sc-ifAKCX cFlEyZ"
          >
            <h3
              class="sc-bwzfXH kgEpTV"
            >
              Process
            </h3>
          </div>
          <div
            class="sc-bZQynM hmvJjY"
          >
            <div
              class="sc-htpNat iEyarI"
            >
              <div>
                <p>
                  Aeneanurutrum, erat at tempus porttitor, mi eros vestibulum magna, eget semper mauris ipsum a nisi. Interdum et malesuada fames ac ante ipsum primis in faucibus. Class aptent taciti sociosqu ad litora torquent per conubia nostra, per inceptos himenaeos. Cras quis odio vel turpis pellentesque finibus. Pellentesque cursus diam ac ligula placerat volutpat. Vivamus dictum augue eu rutrum efficitur. Suspendisse ut pellentesque ante. Suspendisse odio velit, fringilla eu porta vel, elementum ac libero. Nam eu vestibulum magna. Vestibulum quis risus elementum, lobortis sapien at, rhoncus enim. Nam accumsan odio lacus, at facilisis lacus rhoncus vel. Suspendisse sollicitudin a ipsum at cursus.
                </p>
              </div>
            </div>
          </div>
        </div>
      </div>
    </div>
    <div
      class="sc-kpOJdX bMuhnp"
      data-test="block-"
    >
      <div
        class="sc-bdVaJa fGzlqx"
      >
        <div
          class="sc-dxgOiQ gKXLgz"
        >
          ""We feel that our crew at Iteam are more colleagues than suppliers. Rather than specifying a tech spec to work on, we collaborate, carefully chiseling out functionality as we go along. This way of working has minimized waste and it has also taken us further than we ever imagined”"
        </div>
        <div
          class="sc-ckVGcZ dWozWL"
        >
          Anna Andersson, chef Arbetsförmedlingen
        </div>
      </div>
    </div>
    <div
      class="react-reveal"
      style="opacity: 1;"
    >
      <div
        class="sc-bdVaJa fGzlqx"
        data-test="block-"
      >
        <div
          class="sc-bxivhb kgeHJJ"
        >
          <div
            class="sc-ifAKCX cFlEyZ"
          >
            <h3
              class="sc-bwzfXH kgEpTV"
            >
              Utveckling
            </h3>
          </div>
          <div
            class="sc-bZQynM hmvJjY"
          >
            <div
              class="sc-htpNat iEyarI"
            >
              <div>
                <p>
                  Aeneanurutrum, erat at tempus porttitor, mi eros vestibulum magna, eget semper mauris ipsum a nisi. Interdum et malesuada fames ac ante ipsum primis in faucibus. Class aptent taciti sociosqu ad litora torquent per conubia nostra, per inceptos himenaeos. Cras quis odio vel turpis pellentesque finibus. Pellentesque cursus diam ac ligula placerat volutpat. Vivamus dictum augue eu rutrum efficitur. Suspendisse ut pellentesque ante. Suspendisse odio velit, fringilla eu porta vel, elementum ac libero. Nam eu vestibulum magna. Vestibulum quis risus elementum, lobortis sapien at, rhoncus enim. Nam accumsan odio lacus, at facilisis lacus rhoncus vel. Suspendisse sollicitudin a ipsum at cursus.
                </p>
              </div>
            </div>
          </div>
        </div>
      </div>
    </div>
    <div
      class="react-reveal"
      style="opacity: 1;"
    >
      <div
        class="sc-bdVaJa fGzlqx"
        data-test="block-"
      >
        <div
          class="sc-bxivhb kgeHJJ"
        >
          <div
            class="sc-ifAKCX cFlEyZ"
          >
            <h3
              class="sc-bwzfXH kgEpTV"
            >
              Arbetsförmedlingen
            </h3>
          </div>
          <div
            class="sc-bZQynM hmvJjY"
          >
            <div
              class="sc-htpNat iEyarI"
            >
              <div>
                <p>
                  Aeneanurutrum, erat at tempus porttitor, mi eros vestibulum magna, eget semper mauris ipsum a nisi. Interdum et malesuada fames ac ante ipsum primis in faucibus. Class aptent taciti sociosqu ad litora torquent per conubia nostra, per inceptos himenaeos. Cras quis odio vel turpis pellentesque finibus. Pellentesque cursus diam ac ligula placerat volutpat. Vivamus dictum augue eu rutrum efficitur. Suspendisse ut pellentesque ante. Suspendisse odio velit, fringilla eu porta vel, elementum ac libero. Nam eu vestibulum magna. Vestibulum quis risus elementum, lobortis sapien at, rhoncus enim. Nam accumsan odio lacus, at facilisis lacus rhoncus vel. Suspendisse sollicitudin a ipsum at cursus.
                </p>
              </div>
            </div>
          </div>
        </div>
      </div>
    </div>
    <div
      class="react-reveal"
      style="opacity: 1;"
    >
      <div
        class="sc-bdVaJa fGzlqx"
        data-test="block-"
      >
        <div
          class="sc-bxivhb kgeHJJ"
        >
          <div
            class="sc-ifAKCX cFlEyZ"
          >
            <h3
              class="sc-bwzfXH kgEpTV"
            >
              Samarbetspartners
            </h3>
          </div>
          <div
            class="sc-bZQynM hmvJjY"
          >
            <div
              class="sc-htpNat iEyarI"
            >
              <div>
                <p>
                  <a
                    href="https://hej.com"
                  >
                    Digitalbyrån
                  </a>
                </p>
              </div>
            </div>
          </div>
        </div>
      </div>
    </div>
    <div
      class="react-reveal"
      style="opacity: 1;"
    >
      <div
        class="sc-bdVaJa fGzlqx"
        data-test="block-"
      >
        <div
          class="sc-bxivhb kgeHJJ"
        >
          <div
            class="sc-ifAKCX cFlEyZ"
          >
            <h3
              class="sc-bwzfXH kgEpTV"
            >
              Presskontakt
            </h3>
          </div>
          <div
            class="sc-bZQynM hmvJjY"
          >
            <div
              class="sc-htpNat iEyarI"
            >
              <div>
                <ul>
                  <li>
                    <a
                      href="mailto:hans.rollman@iteam.se"
                    >
                      Hans Rollman
                    </a>
                  </li>
                  <li>
                    Johan Littorin, Telenor, 0734 41 72 85
                  </li>
                </ul>
              </div>
            </div>
          </div>
        </div>
      </div>
    </div>
    <div
      class="sc-kAzzGY bqxwXE"
      data-test="block-"
    >
      <div
        class="sc-bdVaJa fGzlqx"
      >
        <h3
          class="sc-bwzfXH kgEpTV"
        >
          Tekniker vi använt
        </h3>
        <div
          class="sc-chPdSV cJPFBO"
        >
          <div
            class="sc-kgoBCf fjfDEX"
          >
            <img
              class="sc-kGXeez fauhic"
              src="https://images.ctfassets.net/rj4r6yfcesw5/3ipy8GBepacEyeKM0weI0i/39509f189b3f80400357320c6def15ad/docker.png"
            />
            Docker
          </div>
          <div
            class="sc-kgoBCf fjfDEX"
          >
            <img
              class="sc-kGXeez fauhic"
              src="https://images.ctfassets.net/rj4r6yfcesw5/6Khn8L48laAoQuCkaouyQG/08e4cf1fe02bd945c23807d5a8f29e87/react.png"
            />
            React
          </div>
          <div
            class="sc-kgoBCf fjfDEX"
          >
            <img
              class="sc-kGXeez fauhic"
              src="https://images.ctfassets.net/rj4r6yfcesw5/5EBgyxee0oiGqqOmAEmAUq/af8d1ae7d3d578197205205b2c33e8ff/Vue.png"
            />
            Vue
          </div>
          <div
            class="sc-kgoBCf fjfDEX"
          >
            <img
              class="sc-kGXeez fauhic"
              src="https://images.ctfassets.net/rj4r6yfcesw5/3CIQ81A1M4EueKkYA8YgMY/ff59095490dd17d1ab74282447e0a213/nodejs.png"
            />
            NodeJS
          </div>
          <div
            class="sc-kgoBCf fjfDEX"
          >
            <img
              class="sc-kGXeez fauhic"
              src="https://images.ctfassets.net/rj4r6yfcesw5/4RmR16im884ykaUgEaiscA/411607987ba022b96e9a29d000821aef/mandrill.png"
            />
            Mandrill
          </div>
        </div>
      </div>
    </div>
  </div>
</div>
`;
