// Jest Snapshot v1, https://goo.gl/fbAQLP

exports[`components/Case renders Case 1`] = `
<div>
  <div
    data-test="header-case"
    class="GridColumn__GridColumnClean-sc-1xz61ww-0 sc-chPdSV cYkVcK"
  >
    <div
      class="CaseHeader__Content-i46oib-0 dgxEQK"
    >
      <div
        class="Navigation__Wrap-sc-1i56sr4-0 dNCifP"
      >
        <a
          class="sc-csuQGl kBaCvS"
        >
          <img
            data-testid="logo"
            path="test-file-stub"
            class="sc-Rmtcm jeZXze"
          />
        </a>
        <div
          class="Navigation__NavigationItems-sc-1i56sr4-1 kQCxjI"
        >
          <a
            class="sc-bRBYWo cBPUew active-nav"
            aria-current="true"
          >
            Case
          </a>
          <a
            class="sc-bRBYWo cBPUew"
            aria-current="false"
          >
            AI
          </a>
          <a
            class="sc-bRBYWo cBPUew"
            aria-current="false"
          >
            Metod
          </a>
          <a
            class="sc-bRBYWo cBPUew"
            aria-current="false"
          >
            Medarbetare
          </a>
          <a
            class="sc-bRBYWo cBPUew"
            aria-current="false"
          >
            Karriär
          </a>
          <a
            class="sc-bRBYWo cBPUew"
            aria-current="false"
          >
            Om
          </a>
          <div
            class="Navigation__Indicator-sc-1i56sr4-2 gdIgfK"
          />
        </div>
      </div>
      <div
        class="CaseHeader__Information-i46oib-1 fLzChM"
      >
        <div
          class="CaseHeader__Meta-i46oib-2 gbFvKk"
        >
          <img
            alt="Logo"
            src="//images.ctfassets.net/rj4r6yfcesw5/4p0ptdLj9SaECekOI4c6C2/c2cdeab1cebc9650ebb0e7778357c231/AF_ordbild_vit.png"
            class="CaseHeader__Logo-i46oib-4 jTjMzI"
          />
          <div
            class="CaseHeader__Tags-i46oib-5 fKdhSw"
          >
            <div
              class="CaseHeader__Tag-i46oib-6 pwCzF"
            >
              API
            </div>
            <div
              class="CaseHeader__Tag-i46oib-6 pwCzF"
            >
              Docker
            </div>
            <div
              class="CaseHeader__Tag-i46oib-6 pwCzF"
            >
              UX
            </div>
            <div
              class="CaseHeader__Tag-i46oib-6 pwCzF"
            >
              React
            </div>
            <div
              class="CaseHeader__Tag-i46oib-6 pwCzF"
            >
              Vue
            </div>
          </div>
        </div>
        <div
          class="CaseHeader__CaseImage-i46oib-7 cwQkDt"
        >
          <img
            alt=""
            src="//images.ctfassets.net/rj4r6yfcesw5/4cWj2fKl3GOQgSKss0IW0q/0b2322470ffb780b925c8e446e745540/af-cropped-by-aeo.png"
            class="CaseHeader__ProjectImage-i46oib-3 inDYdL"
          />
        </div>
      </div>
    </div>
  </div>
  <div
    class="CaseHeader__CaseImageMobile-i46oib-8 bQjXos"
  >
    <img
      alt=""
      src="//images.ctfassets.net/rj4r6yfcesw5/4cWj2fKl3GOQgSKss0IW0q/0b2322470ffb780b925c8e446e745540/af-cropped-by-aeo.png"
      class="CaseHeader__ProjectImage-i46oib-3 inDYdL"
    />
  </div>
  <div
    class="GridColumn__GridColumnClean-sc-1xz61ww-0 sc-gzVnrw gPskFt"
  >
    <div
      data-test="breadcrumbs"
      class="sc-bdVaJa sc-bZQynM fXeWOs"
    >
      <a>
        <span
          class="Breadcrumbs__StyledSpan-sc-1ajw33n-0 bBBcLz"
        >
          Case
        </span>
      </a>
      <span>
        Arbetsförmedlingen
      </span>
    </div>
    <div
      class="react-reveal"
      style="opacity: 1;"
    >
      <div
        data-test="block-"
        class="sc-bdVaJa fGzlqx"
      >
        <div
          class="sc-htpNat wioCx"
        >
          <div
            class="sc-bxivhb joTsHV"
          >
            <h3
              class="sc-bwzfXH kgEpTV"
            >
              En ny digital tjänst
            </h3>
          </div>
          <div
            class="sc-EHOje hJrdUN"
          >
            <div
              class="Paragraph__StyledParagraph-n6tulf-0 kcTDfe"
            >
              <div>
                <p>
                  Aeneanurutrum, erat at tempus porttitor, mi eros vestibulum magna, eget semper mauris ipsum a nisi. Interdum et malesuada fames ac ante ipsum primis in faucibus. Class aptent taciti sociosqu ad litora torquent per conubia nostra, per inceptos himenaeos. Cras quis odio vel turpis pellentesque finibus. Pellentesque cursus diam ac ligula placerat volutpat. Vivamus dictum augue eu rutrum efficitur. Suspendisse ut pellentesque ante. Suspendisse odio velit, fringilla eu porta vel, elementum ac libero. Nam eu vestibulum magna. Vestibulum quis risus elementum, lobortis sapien at, rhoncus enim. Nam accumsan odio lacus, at facilisis lacus rhoncus vel. Suspendisse sollicitudin a ipsum at cursus.
                </p>
              </div>
            </div>
          </div>
        </div>
      </div>
    </div>
    <div
      class="react-reveal"
      style="opacity: 1;"
    >
      <div
        data-test="block-"
        class="sc-bdVaJa fGzlqx"
      >
        <div
          class="sc-htpNat wioCx"
        >
          <div
            class="sc-bxivhb joTsHV"
          >
            <h3
              class="sc-bwzfXH kgEpTV"
            >
              Process
            </h3>
          </div>
          <div
            class="sc-EHOje hJrdUN"
          >
            <div
              class="Paragraph__StyledParagraph-n6tulf-0 kcTDfe"
            >
              <div>
                <p>
                  Aeneanurutrum, erat at tempus porttitor, mi eros vestibulum magna, eget semper mauris ipsum a nisi. Interdum et malesuada fames ac ante ipsum primis in faucibus. Class aptent taciti sociosqu ad litora torquent per conubia nostra, per inceptos himenaeos. Cras quis odio vel turpis pellentesque finibus. Pellentesque cursus diam ac ligula placerat volutpat. Vivamus dictum augue eu rutrum efficitur. Suspendisse ut pellentesque ante. Suspendisse odio velit, fringilla eu porta vel, elementum ac libero. Nam eu vestibulum magna. Vestibulum quis risus elementum, lobortis sapien at, rhoncus enim. Nam accumsan odio lacus, at facilisis lacus rhoncus vel. Suspendisse sollicitudin a ipsum at cursus.
                </p>
              </div>
            </div>
          </div>
        </div>
      </div>
    </div>
    <div
      data-test="block-"
      class="GridColumn__GridColumnClean-sc-1xz61ww-0 sc-kAzzGY hwdyEL"
    >
      <div
        class="sc-bdVaJa fGzlqx"
      >
        <div
          class="Quote__ActualQuote-sc-1t3qoo6-0 caUjjr"
        >
          ""We feel that our crew at Iteam are more colleagues than suppliers. Rather than specifying a tech spec to work on, we collaborate, carefully chiseling out functionality as we go along. This way of working has minimized waste and it has also taken us further than we ever imagined”"
        </div>
        <div
          class="Quote__Person-sc-1t3qoo6-1 gOYqcc"
        >
          Anna Andersson, chef Arbetsförmedlingen
        </div>
      </div>
    </div>
    <div
      class="react-reveal"
      style="opacity: 1;"
    >
      <div
        data-test="block-"
        class="sc-bdVaJa fGzlqx"
      >
        <div
          class="sc-htpNat wioCx"
        >
          <div
            class="sc-bxivhb joTsHV"
          >
            <h3
              class="sc-bwzfXH kgEpTV"
            >
              Utveckling
            </h3>
          </div>
          <div
            class="sc-EHOje hJrdUN"
          >
            <div
              class="Paragraph__StyledParagraph-n6tulf-0 kcTDfe"
            >
              <div>
                <p>
                  Aeneanurutrum, erat at tempus porttitor, mi eros vestibulum magna, eget semper mauris ipsum a nisi. Interdum et malesuada fames ac ante ipsum primis in faucibus. Class aptent taciti sociosqu ad litora torquent per conubia nostra, per inceptos himenaeos. Cras quis odio vel turpis pellentesque finibus. Pellentesque cursus diam ac ligula placerat volutpat. Vivamus dictum augue eu rutrum efficitur. Suspendisse ut pellentesque ante. Suspendisse odio velit, fringilla eu porta vel, elementum ac libero. Nam eu vestibulum magna. Vestibulum quis risus elementum, lobortis sapien at, rhoncus enim. Nam accumsan odio lacus, at facilisis lacus rhoncus vel. Suspendisse sollicitudin a ipsum at cursus.
                </p>
              </div>
            </div>
          </div>
        </div>
      </div>
    </div>
    <div
      class="react-reveal"
      style="opacity: 1;"
    >
      <div
        data-test="block-"
        class="sc-bdVaJa fGzlqx"
      >
        <div
          class="sc-htpNat wioCx"
        >
          <div
            class="sc-bxivhb joTsHV"
          >
            <h3
              class="sc-bwzfXH kgEpTV"
            >
              Arbetsförmedlingen
            </h3>
          </div>
          <div
            class="sc-EHOje hJrdUN"
          >
            <div
              class="Paragraph__StyledParagraph-n6tulf-0 kcTDfe"
            >
              <div>
                <p>
                  Aeneanurutrum, erat at tempus porttitor, mi eros vestibulum magna, eget semper mauris ipsum a nisi. Interdum et malesuada fames ac ante ipsum primis in faucibus. Class aptent taciti sociosqu ad litora torquent per conubia nostra, per inceptos himenaeos. Cras quis odio vel turpis pellentesque finibus. Pellentesque cursus diam ac ligula placerat volutpat. Vivamus dictum augue eu rutrum efficitur. Suspendisse ut pellentesque ante. Suspendisse odio velit, fringilla eu porta vel, elementum ac libero. Nam eu vestibulum magna. Vestibulum quis risus elementum, lobortis sapien at, rhoncus enim. Nam accumsan odio lacus, at facilisis lacus rhoncus vel. Suspendisse sollicitudin a ipsum at cursus.
                </p>
              </div>
            </div>
          </div>
        </div>
      </div>
    </div>
    <div
      class="react-reveal"
      style="opacity: 1;"
    >
      <div
        data-test="block-"
        class="sc-bdVaJa fGzlqx"
      >
        <div
          class="sc-htpNat wioCx"
        >
          <div
            class="sc-bxivhb joTsHV"
          >
            <h3
              class="sc-bwzfXH kgEpTV"
            >
              Samarbetspartners
            </h3>
          </div>
          <div
            class="sc-EHOje hJrdUN"
          >
            <div
              class="Paragraph__StyledParagraph-n6tulf-0 kcTDfe"
            >
              <div>
                <p>
                  <a
                    href="https://hej.com"
                  >
                    Digitalbyrån
                  </a>
                </p>
              </div>
            </div>
          </div>
        </div>
      </div>
    </div>
    <div
      class="react-reveal"
      style="opacity: 1;"
    >
      <div
        data-test="block-"
        class="sc-bdVaJa fGzlqx"
      >
        <div
          class="sc-htpNat wioCx"
        >
          <div
            class="sc-bxivhb joTsHV"
          >
            <h3
              class="sc-bwzfXH kgEpTV"
            >
              Presskontakt
            </h3>
          </div>
          <div
            class="sc-EHOje hJrdUN"
          >
            <div
              class="Paragraph__StyledParagraph-n6tulf-0 kcTDfe"
            >
              <div>
                <ul>
                  <li>
                    <a
                      href="mailto:hans.rollman@iteam.se"
                    >
                      Hans Rollman
                    </a>
                  </li>
                  <li>
                    Johan Littorin, Telenor, 0734 41 72 85
                  </li>
                </ul>
              </div>
            </div>
          </div>
        </div>
      </div>
    </div>
    <div
      data-test="block-"
      class="GridColumn__GridColumnClean-sc-1xz61ww-0 sc-cSHVUG eWEIce"
    >
      <div
        class="sc-bdVaJa fGzlqx"
      >
        <h3
          class="sc-bwzfXH kgEpTV"
        >
          Tekniker vi använt
        </h3>
        <div
          class="Frameworks__FrameworksWrap-qcim0a-0 cTevWf"
        >
          <div
            class="Frameworks__Framework-qcim0a-1 gKQzeM"
          >
            <img
              src="https://images.ctfassets.net/rj4r6yfcesw5/3ipy8GBepacEyeKM0weI0i/39509f189b3f80400357320c6def15ad/docker.png"
              class="Frameworks__FrameworkIcon-qcim0a-2 eJpXWR"
            />
            Docker
          </div>
          <div
            class="Frameworks__Framework-qcim0a-1 gKQzeM"
          >
            <img
              src="https://images.ctfassets.net/rj4r6yfcesw5/6Khn8L48laAoQuCkaouyQG/08e4cf1fe02bd945c23807d5a8f29e87/react.png"
              class="Frameworks__FrameworkIcon-qcim0a-2 eJpXWR"
            />
            React
          </div>
          <div
            class="Frameworks__Framework-qcim0a-1 gKQzeM"
          >
            <img
              src="https://images.ctfassets.net/rj4r6yfcesw5/5EBgyxee0oiGqqOmAEmAUq/af8d1ae7d3d578197205205b2c33e8ff/Vue.png"
              class="Frameworks__FrameworkIcon-qcim0a-2 eJpXWR"
            />
            Vue
          </div>
          <div
            class="Frameworks__Framework-qcim0a-1 gKQzeM"
          >
            <img
              src="https://images.ctfassets.net/rj4r6yfcesw5/3CIQ81A1M4EueKkYA8YgMY/ff59095490dd17d1ab74282447e0a213/nodejs.png"
              class="Frameworks__FrameworkIcon-qcim0a-2 eJpXWR"
            />
            NodeJS
          </div>
          <div
            class="Frameworks__Framework-qcim0a-1 gKQzeM"
          >
            <img
              src="https://images.ctfassets.net/rj4r6yfcesw5/4RmR16im884ykaUgEaiscA/411607987ba022b96e9a29d000821aef/mandrill.png"
              class="Frameworks__FrameworkIcon-qcim0a-2 eJpXWR"
            />
            Mandrill
          </div>
        </div>
      </div>
    </div>
  </div>
</div>
`;
