// Jest Snapshot v1, https://goo.gl/fbAQLP

exports[`components/Case renders Case 1`] = `
<div>
  <div
    class="s7kn9a1-0-GridColumn__GridColumnClean-lcQAdD ewNAuq"
    data-test="header-case"
  >
    <div
      class="CaseHeader__Content-s1ypm50d-0 hTeTwb"
    >
      <div
        class="Navigation__Wrap-s51g7mr-0 fDLSzc"
      >
        <a
          class="Navigation__LogoLink-s51g7mr-1 jRAxmQ"
          href="/"
        >
          <img
            class="Navigation__Logo-s51g7mr-2 jqPavq"
            alt="Iteam logo"
            path="iteam.svg"
          />
        </a>
        <div
          class="Navigation__NavigationItems-s51g7mr-3 kIWVTO"
        >
          <a
            class="Navigation__StyledLink-s51g7mr-5 fWvamk"
            aria-current="false"
            href="/om-oss"
          >
            Om oss
          </a>
          <a
            class="Navigation__StyledLink-s51g7mr-5 fWvamk"
            aria-current="false"
            href="/hur-vi-jobbar"
          >
            Hur vi jobbar
          </a>
          <a
            class="Navigation__StyledLink-s51g7mr-5 fWvamk"
            aria-current="false"
            href="/teamet"
          >
            Teamet
          </a>
          <a
            class="Navigation__StyledLink-s51g7mr-5 fWvamk"
            aria-current="false"
            href="/case"
          >
            Våra case
          </a>
          <a
            class="Navigation__StyledLink-s51g7mr-5 fWvamk"
            aria-current="false"
            href="/jobba-hos-oss"
          >
            Jobba hos oss
          </a>
          <a
            class="Navigation__StyledLink-s51g7mr-5 fWvamk"
            aria-current="false"
            href="/ops"
          >
            Drift & Support
          </a>
          <div
            class="Navigation__Indicator-s51g7mr-4 iPuIfj"
          />
        </div>
      </div>
      <div
        class="CaseHeader__Information-s1ypm50d-1 gPrPiT"
      >
        <div
          class="CaseHeader__Meta-s1ypm50d-2 gGeTiA"
        >
          <img
            class="CaseHeader__Logo-s1ypm50d-4 fFBPmL"
            alt=""
            src="//images.ctfassets.net/rj4r6yfcesw5/4p0ptdLj9SaECekOI4c6C2/c2cdeab1cebc9650ebb0e7778357c231/AF_ordbild_vit.png"
          />
          <div
            class="CaseHeader__Tags-s1ypm50d-5 lovKKQ"
          >
            <div
              class="CaseHeader__Tag-s1ypm50d-6 bFhyAK"
            >
              API
            </div>
            <div
              class="CaseHeader__Tag-s1ypm50d-6 bFhyAK"
            >
              Docker
            </div>
            <div
              class="CaseHeader__Tag-s1ypm50d-6 bFhyAK"
            >
              UX
            </div>
            <div
              class="CaseHeader__Tag-s1ypm50d-6 bFhyAK"
            >
              React
            </div>
            <div
              class="CaseHeader__Tag-s1ypm50d-6 bFhyAK"
            >
              Vue
            </div>
          </div>
        </div>
        <div
          class="CaseHeader__CaseImage-s1ypm50d-7 eFqvRT"
        >
          <img
            class="CaseHeader__ProjectImage-s1ypm50d-3 hszjtC"
            alt=""
            src="//images.ctfassets.net/rj4r6yfcesw5/3Y7zZ25WbeOCU8w84kAEos/b97ff1899cf6f2e4dca0eb2b4f0d5a44/af.png"
          />
        </div>
      </div>
    </div>
  </div>
  <div
    class="s7kn9a1-0-GridColumn__GridColumnClean-lcQAdD iyGAEe"
  >
    <div
      class="s3nsc5b-0-PaddedRow-hWTqUj lcBFma"
      data-test="breadcrumbs"
    >
      <span>
        Arbetsförmedlingen
      </span>
    </div>
    <div
      class="react-reveal"
      style="opacity: 1;"
    >
      <div
        class="PaddedRow-s3nsc5b-0 kZVCTc"
        data-test="block-"
      >
        <div
          class="Block__Content-jdahsb-0 jnCWxO"
        >
          <div
            class="Block__TitleWrap-jdahsb-1 dkYDLt"
          >
            <h3
              class="H3-s19jy0q4-0 bXouBG"
            >
              En ny digital tjänst
            </h3>
          </div>
          <div
            class="Block__Text-jdahsb-3 bdZkSQ"
          >
            <div
              class="Paragraph__StyledParagraph-s13mwy58-0 kBKPHf"
            >
              <div>
                <p>
                  Aeneanurutrum, erat at tempus porttitor, mi eros vestibulum magna, eget semper mauris ipsum a nisi. Interdum et malesuada fames ac ante ipsum primis in faucibus. Class aptent taciti sociosqu ad litora torquent per conubia nostra, per inceptos himenaeos. Cras quis odio vel turpis pellentesque finibus. Pellentesque cursus diam ac ligula placerat volutpat. Vivamus dictum augue eu rutrum efficitur. Suspendisse ut pellentesque ante. Suspendisse odio velit, fringilla eu porta vel, elementum ac libero. Nam eu vestibulum magna. Vestibulum quis risus elementum, lobortis sapien at, rhoncus enim. Nam accumsan odio lacus, at facilisis lacus rhoncus vel. Suspendisse sollicitudin a ipsum at cursus.
                </p>
              </div>
            </div>
          </div>
        </div>
      </div>
    </div>
    <div
      class="react-reveal"
      style="opacity: 1;"
    >
      <div
        class="PaddedRow-s3nsc5b-0 kZVCTc"
        data-test="block-"
      >
        <div
          class="Block__Content-jdahsb-0 jnCWxO"
        >
          <div
            class="Block__TitleWrap-jdahsb-1 dkYDLt"
          >
            <h3
              class="H3-s19jy0q4-0 bXouBG"
            >
              Process
            </h3>
          </div>
          <div
            class="Block__Text-jdahsb-3 bdZkSQ"
          >
            <div
              class="Paragraph__StyledParagraph-s13mwy58-0 kBKPHf"
            >
              <div>
                <p>
                  Aeneanurutrum, erat at tempus porttitor, mi eros vestibulum magna, eget semper mauris ipsum a nisi. Interdum et malesuada fames ac ante ipsum primis in faucibus. Class aptent taciti sociosqu ad litora torquent per conubia nostra, per inceptos himenaeos. Cras quis odio vel turpis pellentesque finibus. Pellentesque cursus diam ac ligula placerat volutpat. Vivamus dictum augue eu rutrum efficitur. Suspendisse ut pellentesque ante. Suspendisse odio velit, fringilla eu porta vel, elementum ac libero. Nam eu vestibulum magna. Vestibulum quis risus elementum, lobortis sapien at, rhoncus enim. Nam accumsan odio lacus, at facilisis lacus rhoncus vel. Suspendisse sollicitudin a ipsum at cursus.
                </p>
              </div>
            </div>
          </div>
        </div>
      </div>
    </div>
    <div
      class="s7kn9a1-0-GridColumn__GridColumnClean-lcQAdD fbltVL"
      data-test="block-"
    >
      <div
        class="PaddedRow-s3nsc5b-0 kZVCTc"
      >
        <div
          class="Quote__ActualQuote-s1aziix4-0 eiWOFj"
        >
          ""We feel that our crew at Iteam are more colleagues than suppliers. Rather than specifying a tech spec to work on, we collaborate, carefully chiseling out functionality as we go along. This way of working has minimized waste and it has also taken us further than we ever imagined”"
        </div>
        <div
          class="Quote__Person-s1aziix4-1 oDZgw"
        >
          Anna Andersson, chef Arbetsförmedlingen
        </div>
      </div>
    </div>
    <div
      class="react-reveal"
      style="opacity: 1;"
    >
      <div
        class="PaddedRow-s3nsc5b-0 kZVCTc"
        data-test="block-"
      >
        <div
          class="Block__Content-jdahsb-0 jnCWxO"
        >
          <div
            class="Block__TitleWrap-jdahsb-1 dkYDLt"
          >
            <h3
              class="H3-s19jy0q4-0 bXouBG"
            >
              Utveckling
            </h3>
          </div>
          <div
            class="Block__Text-jdahsb-3 bdZkSQ"
          >
            <div
              class="Paragraph__StyledParagraph-s13mwy58-0 kBKPHf"
            >
              <div>
                <p>
                  Aeneanurutrum, erat at tempus porttitor, mi eros vestibulum magna, eget semper mauris ipsum a nisi. Interdum et malesuada fames ac ante ipsum primis in faucibus. Class aptent taciti sociosqu ad litora torquent per conubia nostra, per inceptos himenaeos. Cras quis odio vel turpis pellentesque finibus. Pellentesque cursus diam ac ligula placerat volutpat. Vivamus dictum augue eu rutrum efficitur. Suspendisse ut pellentesque ante. Suspendisse odio velit, fringilla eu porta vel, elementum ac libero. Nam eu vestibulum magna. Vestibulum quis risus elementum, lobortis sapien at, rhoncus enim. Nam accumsan odio lacus, at facilisis lacus rhoncus vel. Suspendisse sollicitudin a ipsum at cursus.
                </p>
              </div>
            </div>
          </div>
        </div>
      </div>
    </div>
    <div
      class="react-reveal"
      style="opacity: 1;"
    >
      <div
        class="PaddedRow-s3nsc5b-0 kZVCTc"
        data-test="block-"
      >
        <div
          class="Block__Content-jdahsb-0 jnCWxO"
        >
          <div
            class="Block__TitleWrap-jdahsb-1 dkYDLt"
          >
            <h3
              class="H3-s19jy0q4-0 bXouBG"
            >
              Arbetsförmedlingen
            </h3>
          </div>
          <div
            class="Block__Text-jdahsb-3 bdZkSQ"
          >
            <div
              class="Paragraph__StyledParagraph-s13mwy58-0 kBKPHf"
            >
              <div>
                <p>
                  Aeneanurutrum, erat at tempus porttitor, mi eros vestibulum magna, eget semper mauris ipsum a nisi. Interdum et malesuada fames ac ante ipsum primis in faucibus. Class aptent taciti sociosqu ad litora torquent per conubia nostra, per inceptos himenaeos. Cras quis odio vel turpis pellentesque finibus. Pellentesque cursus diam ac ligula placerat volutpat. Vivamus dictum augue eu rutrum efficitur. Suspendisse ut pellentesque ante. Suspendisse odio velit, fringilla eu porta vel, elementum ac libero. Nam eu vestibulum magna. Vestibulum quis risus elementum, lobortis sapien at, rhoncus enim. Nam accumsan odio lacus, at facilisis lacus rhoncus vel. Suspendisse sollicitudin a ipsum at cursus.
                </p>
              </div>
            </div>
          </div>
        </div>
      </div>
    </div>
    <div
      class="react-reveal"
      style="opacity: 1;"
    >
      <div
        class="PaddedRow-s3nsc5b-0 kZVCTc"
        data-test="block-"
      >
        <div
          class="Block__Content-jdahsb-0 jnCWxO"
        >
          <div
            class="Block__TitleWrap-jdahsb-1 dkYDLt"
          >
            <h3
              class="H3-s19jy0q4-0 bXouBG"
            >
              Samarbetspartners
            </h3>
          </div>
          <div
            class="Block__Text-jdahsb-3 bdZkSQ"
          >
            <div
              class="Paragraph__StyledParagraph-s13mwy58-0 kBKPHf"
            >
              <div>
                <p>
                  <a
                    href="https://hej.com"
                  >
                    Digitalbyrån
                  </a>
                </p>
              </div>
            </div>
          </div>
        </div>
      </div>
    </div>
    <div
      class="react-reveal"
      style="opacity: 1;"
    >
      <div
        class="PaddedRow-s3nsc5b-0 kZVCTc"
        data-test="block-"
      >
        <div
          class="Block__Content-jdahsb-0 jnCWxO"
        >
          <div
            class="Block__TitleWrap-jdahsb-1 dkYDLt"
          >
            <h3
              class="H3-s19jy0q4-0 bXouBG"
            >
              Presskontakt
            </h3>
          </div>
          <div
            class="Block__Text-jdahsb-3 bdZkSQ"
          >
            <div
              class="Paragraph__StyledParagraph-s13mwy58-0 kBKPHf"
            >
              <div>
                <ul>
                  <li>
                    <a
                      href="mailto:hans.rollman@iteam.se"
                    >
                      Hans Rollman
                    </a>
                  </li>
                  <li>
                    Johan Littorin, Telenor, 0734 41 72 85
                  </li>
                </ul>
              </div>
            </div>
          </div>
        </div>
      </div>
    </div>
  </div>
  <div
    class="s7kn9a1-0-GridColumn__GridColumnClean-lcQAdD isotwF"
  >
    <div
      class="TeamMembers__Members-gavpkf-0 uMipK"
    >
      <div
        class="TeamMemberDuo__Colleague-s9kjazo-0 XxNhO"
      >
        <a
          class="PrefetchLink__StyledLink-n3ecxs-0 JPiJu"
          href="/teamet/cmm"
        >
          <div
            style="height: 226px;"
            class="lazyload-placeholder"
          />
        </a>
        <div
          class="TeamMemberDuo__Meta-s9kjazo-1 gzvJxw"
        >
          <div
            class="TeamMemberDuo__MetaSection-s9kjazo-3 XeOZD"
          >
            <div
              class="TeamMemberDuo__Title-s9kjazo-2 dFgPDl"
            >
              Cookie master
            </div>
            <div>
              Stockholm
            </div>
          </div>
          <div
            class="TeamMemberDuo__Title-s9kjazo-2 dFgPDl"
          >
            Cookie M
          </div>
          <div>
            <a
              class="s1qo6rwq-0-NativeLink-jXoiCT dJdJnO"
              href="tel:0701234567"
            >
              070-123 45 67
            </a>
          </div>
          <a
            class="NativeLink-s1qo6rwq-0 jNinQt"
            href="mailto:cm@sesame.com"
          >
            cm@sesame.com
          </a>
        </div>
      </div>
      <div
        class="TeamMemberDuo__Colleague-s9kjazo-0 XxNhO"
      >
        <a
          class="PrefetchLink__StyledLink-n3ecxs-0 JPiJu"
          href="/teamet/cvc"
        >
          <div
            style="height: 226px;"
            class="lazyload-placeholder"
          />
        </a>
        <div
          class="TeamMemberDuo__Meta-s9kjazo-1 gzvJxw"
        >
          <div
            class="TeamMemberDuo__MetaSection-s9kjazo-3 XeOZD"
          >
            <div
              class="TeamMemberDuo__Title-s9kjazo-2 dFgPDl"
            >
              1 ahahah
            </div>
            <div>
              Göteborg
            </div>
          </div>
          <div
            class="TeamMemberDuo__Title-s9kjazo-2 dFgPDl"
          >
            Count van Count
          </div>
          <div>
            <a
              class="s1qo6rwq-0-NativeLink-jXoiCT dJdJnO"
              href="tel:0707654321"
            >
              070-765 43 21
            </a>
          </div>
          <a
            class="NativeLink-s1qo6rwq-0 jNinQt"
            href="mailto:count@sesame.com"
          >
            count@sesame.com
          </a>
        </div>
      </div>
    </div>
  </div>
</div>
`;
