// Jest Snapshot v1, https://goo.gl/fbAQLP

exports[`components/Home renders Home 1`] = `
<div>
  <div
    style="height: 700px;"
    class="lazyload-placeholder"
  />
  <div
    class="s7kn9a1-0-GridColumn__GridColumnClean-lcQAdD ikGgaF"
  >
    <div
      class="Home__Content-s15fccpq-0 fmYNJk"
    >
      <img
        class="Home__StylizedIteam-s15fccpq-2 jlGxqZ"
        src="iteam_stylized.png"
      />
      <div
        class="Home__Texts-s15fccpq-1 eCpoTV"
      >
        <div
          class="s3nsc5b-0-PaddedRow-hWTqUj kNNFGd"
        >
          <h1
            class="H1-x5hh3k-0 fsdjyK"
          >
            Kod
          </h1>
          <div
            class="Paragraph__StyledParagraph-s13mwy58-0 kBKPHf"
          >
            <div>
              <p>
                Systemutveckling, automatisering, artificiell intelligens, maskininlärning. Vi har alla redskap du behöver för att bygga vad du vill. Det du vill. Och vet du inte vad du behöver så hjälper vi dig med det med.
              </p>
            </div>
          </div>
          <img
            class="Home__CompanyLogo-s15fccpq-3 BqycV"
            src="//images.ctfassets.net/rj4r6yfcesw5/3qnZSfySW4cEGoUo6KCAae/8a656eba15e15b61dacc9fbea38aa4bd/logo_af.png"
          />
          <a
            class="Link__StyledLink-kqcp4a-0 dzFnFw"
            href="/case/arbetsformedlingen"
          >
            Läs om hur vi hjälper Arbetsförmedlingen med kod
          </a>
        </div>
        <div
          class="s3nsc5b-0-PaddedRow-hWTqUj kNNFGd"
        >
          <h1
            class="H1-x5hh3k-0 fsdjyK"
          >
            Strategi
          </h1>
          <div
            class="Paragraph__StyledParagraph-s13mwy58-0 kBKPHf"
          >
            <div>
              <p>
                Vi digitaliserar Sverige. Pompigt! Men det betyder att vi hjälper dig att leda digitaliseringen istället för att vara den som blir lämnad på efterkälken. Både på den marknad där du verkar, och de marknader du inte ens visste att du borde verka på.
              </p>
            </div>
          </div>
          <img
            class="Home__CompanyLogo-s15fccpq-3 BqycV"
            src="//images.ctfassets.net/rj4r6yfcesw5/1mv5fxBGLmeyWom4OI2WsI/a4d79cae2076b43aea926db2f1244b52/logo_tsab.png"
          />
          <a
            class="Link__StyledLink-kqcp4a-0 dzFnFw"
            href="/case/tsab"
          >
            Läs om hur vi hjälper Taxi Stockholm med strategi
          </a>
        </div>
        <div
          class="s3nsc5b-0-PaddedRow-hWTqUj kNNFGd"
        >
          <h1
            class="H1-x5hh3k-0 fsdjyK"
          >
            Kultur
          </h1>
          <div
            class="Paragraph__StyledParagraph-s13mwy58-0 kBKPHf"
          >
            <div>
              <p>
                Ibland ser vi oss som kulturarbetare. Det räcker inte att bygga digitala tjänster åt sina användare. Det är först när hela din organisation tänker, andas och lever digitalt som ni digitaliseras. på riktigt. Vi rustar dig för framtiden helt enkelt.
              </p>
            </div>
          </div>
          <img
            class="Home__CompanyLogo-s15fccpq-3 BqycV"
            src="//images.ctfassets.net/rj4r6yfcesw5/4D844WR1v20ICIOG4SK0y8/15a008277f5565d9f52fbd5312f6e121/logo_seb.png"
          />
          <a
            class="Link__StyledLink-kqcp4a-0 dzFnFw"
            href="/case/seb"
          >
            Läs om hur vi hjälper SEB med kultur
          </a>
        </div>
      </div>
    </div>
  </div>
  <div
    class="s7kn9a1-0-GridColumn__GridColumnClean-lcQAdD wWXKU"
  >
    <div
      class="OperationsBanner__Overlay-s6plh63-0 eUEmcx"
    />
    <div
      class="OperationsBanner__Content-s6plh63-1 enYwVc"
    >
      <h2
        class="H2-s1x2w9v8-0 jJUQzY"
      >
        Visste du att vi även erbjuder drift & support?
      </h2>
      <a
        class="Button-s1kb8b7s-0 bPEEoo"
        href="/ops"
      >
        Iteam Operations
      </a>
    </div>
  </div>
  <div
    class="s7kn9a1-0-GridColumn__GridColumnClean-lcQAdD dGQjgn"
  >
    <div
      class="TeamMembers__Members-gavpkf-0 hZpEAh"
    >
      <div
        class="TeamMember__Colleague-ahjagd-0 jsoPzM"
      >
        <div
          class="TeamMember__Title-ahjagd-1 eWbIRQ"
        >
          Cookie master
        </div>
        <div
          class="TeamMember__Location-ahjagd-2 jnAMTb"
          data-test="team-member-location"
        >
          Stockholm
        </div>
        <a
          class="PrefetchLink__StyledLink-n3ecxs-0 JPiJu"
          href="/teamet/cmm"
        >
          <div
            class="TeamMember__AvatarWrap-ahjagd-3 eERYRm"
          >
            <div
              style="height: 226px;"
              class="lazyload-placeholder"
            />
          </div>
        </a>
        <div
          class="TeamMember__Title-ahjagd-1 eWbIRQ"
        >
          Cookie M
        </div>
        <a
          class="NativeLink-s1qo6rwq-0 jNinQt"
          href="mailto:cm@sesame.com"
        >
          cm@sesame.com
        </a>
      </div>
      <div
        class="TeamMember__Colleague-ahjagd-0 jsoPzM"
      >
        <div
          class="TeamMember__Title-ahjagd-1 eWbIRQ"
        >
          1 ahahah
        </div>
        <div
          class="TeamMember__Location-ahjagd-2 jnAMTb"
          data-test="team-member-location"
        >
          Göteborg
        </div>
        <a
          class="PrefetchLink__StyledLink-n3ecxs-0 JPiJu"
          href="/teamet/cvc"
        >
          <div
            class="TeamMember__AvatarWrap-ahjagd-3 eERYRm"
          >
            <div
              style="height: 226px;"
              class="lazyload-placeholder"
            />
          </div>
        </a>
        <div
          class="TeamMember__Title-ahjagd-1 eWbIRQ"
        >
          Count van Count
        </div>
        <a
          class="NativeLink-s1qo6rwq-0 jNinQt"
          href="mailto:count@sesame.com"
        >
          count@sesame.com
        </a>
      </div>
    </div>
  </div>
</div>
`;
