// Jest Snapshot v1, https://goo.gl/fbAQLP

exports[`components/Home renders Home 1`] = `
<div>
  <div
    style="height: 700px;"
    class="lazyload-placeholder"
  />
  <div
    class="s7kn9a1-0-GridColumn__GridColumnClean-lcQAdD ikGgaF"
  >
    <div
      class="Home__Content-s15fccpq-0 fmYNJk"
    >
      <img
        class="Home__StylizedIteam-s15fccpq-2 jlGxqZ"
        src="iteam_stylized.png"
        alt=""
      />
      <div
        class="Home__Texts-s15fccpq-1 eCpoTV"
      >
        <div
          class="s3nsc5b-0-PaddedRow-hWTqUj hSfdBG"
        >
          <h1
            class="H1-x5hh3k-0 fsdjyK"
          />
          <div
            class="Paragraph__StyledParagraph-s13mwy58-0 kBKPHf"
          >
            <div />
          </div>
          <img
            class="Home__CompanyLogo-s15fccpq-3 BqycV"
            src="logo_af.png"
            alt=""
          />
          <a
            class="Link__StyledLink-kqcp4a-0 dzFnFw"
            href="/case/arbetsformedlingen"
          >
            Läs om hur vi hjälper Arbetsförmedlingen med kod
          </a>
        </div>
        <div
          class="s3nsc5b-0-PaddedRow-hWTqUj hSfdBG"
        >
          <h1
            class="H1-x5hh3k-0 fsdjyK"
          />
          <div
            class="Paragraph__StyledParagraph-s13mwy58-0 kBKPHf"
          >
            <div />
          </div>
          <img
            class="Home__CompanyLogo-s15fccpq-3 BqycV"
            src="logo_tsab.png"
            alt=""
          />
          <a
            class="Link__StyledLink-kqcp4a-0 dzFnFw"
            href="/case/tsab"
          >
            Läs om hur vi hjälper Taxi Stockholm med strategi
          </a>
        </div>
        <div
          class="s3nsc5b-0-PaddedRow-hWTqUj hSfdBG"
        >
          <h1
            class="H1-x5hh3k-0 fsdjyK"
          />
          <div
            class="Paragraph__StyledParagraph-s13mwy58-0 kBKPHf"
          >
            <div />
          </div>
          <img
            class="Home__CompanyLogo-s15fccpq-3 BqycV"
            src="logo_seb.png"
            alt=""
          />
          <a
            class="Link__StyledLink-kqcp4a-0 dzFnFw"
            href="/case/seb"
          >
            Läs om hur vi hjälper SEB med kultur
          </a>
        </div>
      </div>
    </div>
  </div>
  <div
    class="s7kn9a1-0-GridColumn__GridColumnClean-lcQAdD wWXKU"
  >
    <div
      class="OperationsBanner__Overlay-s6plh63-0 eUEmcx"
    />
    <div
      class="OperationsBanner__Content-s6plh63-1 enYwVc"
    >
      <h2
        class="H2-s1x2w9v8-0 jJUQzY"
      >
        Visste du att vi även erbjuder drift & support?
      </h2>
      <a
        class="Button-s1kb8b7s-0 bPEEoo"
        href="/ops"
      >
        Iteam Operations
      </a>
    </div>
  </div>
  <div
    class="s7kn9a1-0-GridColumn__GridColumnClean-lcQAdD dGQjgn"
  >
    <div
      class="TeamMembers__Members-gavpkf-0 hZpEAh"
    >
      <div
        class="TeamMember__Colleague-ahjagd-0 jsoPzM"
      >
        <div
          class="TeamMember__Title-ahjagd-1 eWbIRQ"
        >
          Cookie master
        </div>
        <div
          class="TeamMember__Location-ahjagd-2 jnAMTb"
          data-test="team-member-location"
        >
          Stockholm
        </div>
        <a
          href="/teamet/cmm"
        >
          <div
            class="TeamMember__AvatarWrap-ahjagd-3 eERYRm"
          >
            <div
              style="height: 226px;"
              class="lazyload-placeholder"
            />
          </div>
        </a>
        <div
          class="TeamMember__Title-ahjagd-1 eWbIRQ"
        >
          Cookie M
        </div>
        <a
          class="NativeLink-s1qo6rwq-0 jNinQt"
          href="mailto:cm@sesame.com"
        >
          cm@sesame.com
        </a>
      </div>
      <div
        class="TeamMember__Colleague-ahjagd-0 jsoPzM"
      >
        <div
          class="TeamMember__Title-ahjagd-1 eWbIRQ"
        >
          1 ahahah
        </div>
        <div
          class="TeamMember__Location-ahjagd-2 jnAMTb"
          data-test="team-member-location"
        >
          Göteborg
        </div>
        <a
          href="/teamet/cvc"
        >
          <div
            class="TeamMember__AvatarWrap-ahjagd-3 eERYRm"
          >
            <div
              style="height: 226px;"
              class="lazyload-placeholder"
            />
          </div>
        </a>
        <div
          class="TeamMember__Title-ahjagd-1 eWbIRQ"
        >
          Count van Count
        </div>
        <a
          class="NativeLink-s1qo6rwq-0 jNinQt"
          href="mailto:count@sesame.com"
        >
          count@sesame.com
        </a>
      </div>
    </div>
  </div>
</div>
`;
