// Jest Snapshot v1, https://goo.gl/fbAQLP

exports[`components/Home renders Home 1`] = `
<div>
  <div>
    <div
      class="sc-gzOgki fpllMB"
    >
      <div
        class="sc-iyvyFf fXFZjN"
      >
        <div
          class="sc-elJkPf fqzjUn"
        >
          <a
            class="sc-jtRfpW cXQLFZ"
          >
            <img
              class="sc-kTUwUJ fgTIcp"
              data-testid="logo"
              path="test-file-stub"
            />
          </a>
          <div
            class="sc-dqBHgY fDUITd"
          >
            <a
              class="sc-dfVpRl uQOzH"
              aria-current="false"
            >
              Case
            </a>
            <a
              class="sc-dfVpRl uQOzH"
              aria-current="false"
            >
              AI
            </a>
            <a
              class="sc-dfVpRl uQOzH"
              aria-current="false"
            >
              Metod
            </a>
            <a
              class="sc-dfVpRl uQOzH"
              aria-current="false"
            >
              Medarbetare
            </a>
            <a
              class="sc-dfVpRl uQOzH"
              aria-current="false"
            >
              Karriär
            </a>
            <a
              class="sc-dfVpRl uQOzH"
              aria-current="false"
            >
              Om
            </a>
            <a
              class="sc-dfVpRl uQOzH"
              aria-current="false"
            >
              Drift & Support
            </a>
            <div
              class="sc-gxMtzJ dqeSKx"
            />
          </div>
        </div>
        <div
          class="sc-hwwEjo fiJSKN"
        >
          <h1
            class="sc-kPVwWT AQYAf"
          >
            <span>
              Vi digitaliserar företag och organisationer
            </span>
          </h1>
          <h1
            class="sc-kPVwWT AQYAf"
          >
            <span>
              genom strategi, kod och kultur
            </span>
          </h1>
        </div>
      </div>
    </div>
  </div>
  <div
    class="sc-gisBJw jCClIY"
  >
    <div
      class="sc-kjoXOD cirWqA"
    >
      <img
        class="sc-cJSrbW bKpQbZ"
        src="test-file-stub"
      />
      <div
        class="sc-cHGsZl hhVRgD"
      >
        <div
          class="sc-TOsTZ gFfxXo"
        >
          <h1
            class="sc-gZMcBi ctjDhW"
          >
            Kod
          </h1>
          <div
            class="sc-htpNat iEyarI"
          >
            <div>
              <p>
                Systemutveckling, automatisering, artificiell intelligens, maskininlärning. Vi har alla redskap du behöver för att bygga vad du vill. Det du vill. Och vet du inte vad du behöver så hjälper vi dig med det med.
              </p>
            </div>
          </div>
          <img
            class="sc-ksYbfQ cKDufE"
            src="//images.ctfassets.net/rj4r6yfcesw5/3qnZSfySW4cEGoUo6KCAae/8a656eba15e15b61dacc9fbea38aa4bd/logo_af.png"
          />
          <a
            class="sc-caSCKo culsyQ"
          >
            Läs om hur vi hjälper Arbetsförmedlingen med kod
          </a>
        </div>
        <div
          class="sc-TOsTZ gFfxXo"
        >
          <h1
            class="sc-gZMcBi ctjDhW"
          >
            Strategi
          </h1>
          <div
            class="sc-htpNat iEyarI"
          >
            <div>
              <p>
                Vi digitaliserar Sverige. Pompigt! Men det betyder att vi hjälper dig att leda digitaliseringen istället för att vara den som blir lämnad på efterkälken. Både på den marknad där du verkar, och de marknader du inte ens visste att du borde verka på.
              </p>
            </div>
          </div>
          <img
            class="sc-ksYbfQ cKDufE"
            src="//images.ctfassets.net/rj4r6yfcesw5/1mv5fxBGLmeyWom4OI2WsI/a4d79cae2076b43aea926db2f1244b52/logo_tsab.png"
          />
          <a
            class="sc-caSCKo culsyQ"
          >
            Läs om hur vi hjälper Taxi Stockholm med strategi
          </a>
        </div>
        <div
          class="sc-TOsTZ gFfxXo"
        >
          <h1
            class="sc-gZMcBi ctjDhW"
          >
            Kultur
          </h1>
          <div
            class="sc-htpNat iEyarI"
          >
            <div>
              <p>
                Ibland ser vi oss som kulturarbetare. Det räcker inte att bygga digitala tjänster åt sina användare. Det är först när hela din organisation tänker, andas och lever digitalt som ni digitaliseras. på riktigt. Vi rustar dig för framtiden helt enkelt.
              </p>
            </div>
          </div>
          <img
            class="sc-ksYbfQ cKDufE"
            src="//images.ctfassets.net/rj4r6yfcesw5/4D844WR1v20ICIOG4SK0y8/15a008277f5565d9f52fbd5312f6e121/logo_seb.png"
          />
          <a
            class="sc-caSCKo culsyQ"
          >
            Läs om hur vi hjälper SEB med kultur
          </a>
        </div>
      </div>
    </div>
  </div>
  <div
    class="sc-iwsKbI fwFOwW"
  >
    <div
      class="react-reveal"
      style="opacity: 1;"
    >
      <div
        class="sc-bdVaJa fGzlqx"
        data-test="block-"
      >
        <div
          class="sc-bxivhb kgeHJJ"
        >
          <div
            class="sc-ifAKCX cFlEyZ"
          >
            <h3
              class="sc-bwzfXH kgEpTV"
            >
              Utforska möjligheterna med AI
            </h3>
          </div>
          <div
            class="sc-bZQynM hmvJjY"
          >
            <div
              class="sc-kgAjT cuzzPp"
            >
              We are offering an Artificial Intelligence package to help you build AI products and services. We have a very competent Data Science team that will help you grow in the growing market of Artificial Intelligence.
            </div>
            <div
              class="sc-kgAjT cuzzPp"
            >
              <a
                class="sc-caSCKo culsyQ"
              >
                Läs mer om våra erbjudanden inom AI
              </a>
            </div>
          </div>
        </div>
      </div>
    </div>
  </div>
  <div
    class="sc-fMiknA fkjoYg"
  >
    <div
      class="sc-dVhcbM cETFxP"
    />
    <div
      class="sc-eqIVtm hOEolS"
    >
      <h2
        class="sc-fAjcbJ iMAcup"
      >
        Visste du att vi även erbjuder drift & support?
      </h2>
      <a
        class="sc-jhAzac hXWSTa"
      >
        Iteam Operations
      </a>
    </div>
  </div>
</div>
`;
