// Jest Snapshot v1, https://goo.gl/fbAQLP

exports[`components/Home renders Home 1`] = `
<div>
  <div>
    <div
      class="sc-hwwEjo gmWQTd"
    >
      <div
        class="sc-kPVwWT bfscyN"
      >
        <div
          class="sc-kTUwUJ edcQtv"
        >
          <a
            class="sc-dqBHgY BqHh"
          >
            <img
              class="sc-gxMtzJ guAkch"
              data-testid="logo"
              path="test-file-stub"
            />
          </a>
          <div
            class="sc-dfVpRl joBoAS"
          >
            <a
              class="sc-iyvyFf irQPJA"
              aria-current="false"
            >
              Erbjudanden
            </a>
            <a
              class="sc-iyvyFf irQPJA"
              aria-current="false"
            >
              Våra case
            </a>
            <a
              class="sc-iyvyFf irQPJA"
              aria-current="false"
            >
              Metod
            </a>
            <a
              class="sc-iyvyFf irQPJA"
              aria-current="false"
            >
              Medarbetare
            </a>
            <a
              class="sc-iyvyFf irQPJA"
              aria-current="false"
            >
              Karriär
            </a>
            <a
              class="sc-iyvyFf irQPJA"
              aria-current="false"
            >
              Om
            </a>
            <div
              class="sc-gzOgki bZZexF"
            />
          </div>
        </div>
        <div
          class="sc-kfGgVZ kPvaat"
        >
          <h1
            class="sc-esjQYD iPoDFm"
          >
            <span>
              Vi digitaliserar företag och organisationer
              genom strategi, kod och kultur
            </span>
          </h1>
        </div>
      </div>
    </div>
  </div>
  <div
    class="sc-bRBYWo eevjEn"
  >
    <div
      class="sc-hzDkRC gusPqi"
    >
      <img
        class="sc-eqIVtm bqpPvt"
        src="test-file-stub"
      />
      <div
        class="sc-jhAzac kOJVmU"
      >
        <div
          class="sc-fBuWsC bVvbAc"
        >
          <h1
            class="sc-gZMcBi ctjDhW"
          >
            Kod
          </h1>
          <div
            class="sc-htpNat bkGJgg"
          >
            <div>
              <p>
                Systemutveckling, automatisering, artificiell intelligens, maskininlärning. Vi har alla redskap du behöver för att bygga vad du vill. Det du vill. Och vet du inte vad du behöver så hjälper vi dig med det med.
              </p>
            </div>
          </div>
          <a
            class="sc-fMiknA fpMbws"
          >
            Läs om hur vi hjälper Arbetsförmedlingen med kod
          </a>
          <img
            class="sc-fAjcbJ irssIN"
            src="//images.ctfassets.net/rj4r6yfcesw5/3qnZSfySW4cEGoUo6KCAae/8a656eba15e15b61dacc9fbea38aa4bd/logo_af.png"
          />
        </div>
        <div
          class="sc-fBuWsC bVvbAc"
        >
          <h1
            class="sc-gZMcBi ctjDhW"
          >
            Strategi
          </h1>
          <div
            class="sc-htpNat bkGJgg"
          >
            <div>
              <p>
                Vi digitaliserar Sverige. Pompigt! Men det betyder att vi hjälper dig att leda digitaliseringen istället för att vara den som blir lämnad på efterkälken. Både på den marknad där du verkar, och de marknader du inte ens visste att du borde verka på.
              </p>
            </div>
          </div>
          <a
            class="sc-fMiknA fpMbws"
          >
            Läs om hur vi hjälper Taxi Stockholm med strategi
          </a>
          <img
            class="sc-fAjcbJ irssIN"
            src="//images.ctfassets.net/rj4r6yfcesw5/1mv5fxBGLmeyWom4OI2WsI/a4d79cae2076b43aea926db2f1244b52/logo_tsab.png"
          />
        </div>
        <div
          class="sc-fBuWsC bVvbAc"
        >
          <h1
            class="sc-gZMcBi ctjDhW"
          >
            Kultur
          </h1>
          <div
            class="sc-htpNat bkGJgg"
          >
            <div>
              <p>
                Ibland ser vi oss som kulturarbetare. Det räcker inte att bygga digitala tjänster åt sina användare. Det är först när hela din organisation tänker, andas och lever digitalt som ni digitaliseras. på riktigt. Vi rustar dig för framtiden helt enkelt.
              </p>
            </div>
          </div>
          <a
            class="sc-fMiknA fpMbws"
          >
            Läs om hur vi hjälper SEB med kultur
          </a>
          <img
            class="sc-fAjcbJ irssIN"
            src="//images.ctfassets.net/rj4r6yfcesw5/4D844WR1v20ICIOG4SK0y8/15a008277f5565d9f52fbd5312f6e121/logo_seb.png"
          />
        </div>
      </div>
    </div>
  </div>
  <div
    class="sc-iwsKbI cTexZb"
  >
    <div
      class="react-reveal"
      style="opacity: 1;"
    >
      <div
        class="sc-bdVaJa fGzlqx"
        data-test="block-"
      >
        <div
          class="sc-bxivhb cjRyOF"
        >
          <div
            class="sc-ifAKCX fTHWMI"
          >
            <h3
              class="sc-bwzfXH kgEpTV"
            >
              Utforska möjligheterna med AI
            </h3>
          </div>
          <div
            class="sc-bZQynM fQTIXp"
          >
            <div
              class="sc-dVhcbM fghLuF"
            >
              We are offering an Artificial Intelligence package to help you build AI products and services. We have a very competent Data Science team that will help you grow in the growing market of Artificial Intelligence.
            </div>
            <div
              class="sc-dVhcbM fghLuF"
            >
              <a
                class="sc-csuQGl idQfjD"
              >
                Läs mer om våra erbjudanden inom AI
              </a>
            </div>
          </div>
        </div>
      </div>
    </div>
  </div>
</div>
`;
