// Jest Snapshot v1, https://goo.gl/fbAQLP

exports[`components/HowWeWork renders HowWeWork 1`] = `
<div>
  <div>
    <div
      class="GridColumn__GridColumnClean-sc-1xz61ww-0 sc-hzDkRC gcYOzF"
    >
      <div
        class="Header__Content-sc-1ofdv2r-0 limgqW"
      >
        <div
          class="Navigation__Wrap-sc-1i56sr4-0 dNCifP"
        >
          <a
            class="sc-csuQGl kBaCvS"
          >
            <img
              data-testid="logo"
              path="test-file-stub"
              class="sc-Rmtcm jeZXze"
            />
          </a>
          <div
            class="Navigation__NavigationItems-sc-1i56sr4-1 kQCxjI"
          >
            <a
              class="sc-bRBYWo cBPUew"
              aria-current="false"
            >
              Erbjudanden
            </a>
            <a
              class="sc-bRBYWo cBPUew"
              aria-current="false"
            >
              Våra case
            </a>
            <a
              class="sc-bRBYWo cBPUew"
              aria-current="false"
            >
              Metod
            </a>
            <a
              class="sc-bRBYWo cBPUew"
              aria-current="false"
            >
              Medarbetare
            </a>
            <a
              class="sc-bRBYWo cBPUew"
              aria-current="false"
            >
              Karriär
            </a>
            <a
              class="sc-bRBYWo cBPUew"
              aria-current="false"
            >
              Om
            </a>
            <div
              class="Navigation__Indicator-sc-1i56sr4-2 gdIgfK"
            />
          </div>
        </div>
        <div
          class="Header__MessageRow-sc-1ofdv2r-1 indJOe"
        >
          <h1
            class="sc-htoDjs sc-jhAzac jWXEtZ"
          >
            <span>
              Så här jobbar vi 
            </span>
          </h1>
        </div>
      </div>
    </div>
  </div>
  <div
    class="GridColumn__GridColumnClean-sc-1xz61ww-0 sc-gzVnrw gPskFt"
  >
    <div
      class="react-reveal"
      style="opacity: 1;"
    >
      <div
        data-test="block-"
        class="sc-bdVaJa fGzlqx"
      >
        <div
          class="sc-htpNat wioCx"
        >
          <div
            class="sc-bxivhb joTsHV"
          >
            <h3
              class="sc-bwzfXH kgEpTV"
            >
              I team
            </h3>
          </div>
          <div
            class="sc-EHOje hJrdUN"
          >
            <div
              class="Paragraph__StyledParagraph-n6tulf-0 kcTDfe"
            >
              <div>
                <p>
                  Vi jobbar alltid i team. Systemutvecklare, strateger, interaktionsdesigners, visuella designers och värdecoacher. Alla är vi värdefulla var och en för sig och ännu mer ihop. Vi jobbar alltid tillsammans. Alltid i tvärfunktionella team. Aldrig uthyrda. Aldrig ensamma.
                </p>
              </div>
            </div>
          </div>
        </div>
      </div>
    </div>
    <div
      class="ImageBlock__Content-sc-1efhaqb-0 gFrHlU"
    >
      <img
        src="test-file-stub"
        class="ImageBlock__ImageContainer-sc-1efhaqb-1 cjpGnT"
      />
    </div>
    <div
      class="react-reveal"
      style="opacity: 1;"
    >
      <div
        data-test="block-"
        class="sc-bdVaJa fGzlqx"
      >
        <div
          class="sc-htpNat wioCx"
        >
          <div
            class="sc-bxivhb joTsHV"
          >
            <h3
              class="sc-bwzfXH kgEpTV"
            >
              Ständigt sökande
            </h3>
          </div>
          <div
            class="sc-EHOje hJrdUN"
          >
            <div
              class="Paragraph__StyledParagraph-n6tulf-0 kcTDfe"
            >
              <div>
                <p>
                  Vi söker alltid efter den bästa processen. Den bästa metoden. Vi vågar ta risker, byta spår, byta teknik, experimentera och ifrågasätta både oss själva och våra kunder. Det är liksom det vi gör. Hela tiden.
                </p>
              </div>
            </div>
          </div>
        </div>
      </div>
    </div>
  </div>
  <div
    class="react-reveal"
    style="opacity: 1;"
  >
    <div
      class="GridColumn__GridColumnClean-sc-1xz61ww-0 sc-gzVnrw sc-kEYyzF jNyCnk"
    >
      <div
        data-test="block-"
        class="sc-bdVaJa fGzlqx"
      >
        <div
          class="OpenPositionsBlock__Content-sc-4d7r1m-0 hLZENg"
        >
          <div
            class="OpenPositionsBlock__SideWrap-sc-4d7r1m-1 kDeeFH"
          >
            <h3
              class="sc-bwzfXH kgEpTV"
            >
              Just nu söker vi
            </h3>
            <ul
              class="sc-eNQAEJ sc-kkGfuU iOPyOs"
            >
              <li
                class="OpenPositionsBlock__OpenPosition-sc-4d7r1m-3 bFAhdk"
              >
                <a
                  black="0"
                  class="sc-kpOJdX jCjtGd"
                >
                  Junior UX Designer
                </a>
                (
                Stockholm
                )
              </li>
            </ul>
          </div>
          <div
            class="OpenPositionsBlock__SideWrap-sc-4d7r1m-1 kDeeFH"
          >
            <h4
              class="sc-hMqMXs eIqNyV"
            >
              Inget som passar?
            </h4>
            <div
              class="OpenPositionsBlock__ParagraphWrap-sc-4d7r1m-2 fYFWav"
            >
              <div
                class="Paragraph__StyledParagraph-n6tulf-0 kcTDfe"
              >
                <div>
                  <p>
                    <a
                      href="mailto:joinus@iteam.se"
                    >
                      Spontanansök
                    </a>
                  </p>
                </div>
              </div>
            </div>
          </div>
        </div>
      </div>
    </div>
  </div>
  <img
    src="//images.ctfassets.net/rj4r6yfcesw5/62hgzE8G3ueMa2YSEuG4og/db2b643db6041f9d26936bc2d6006607/bleed_howwework.jpg"
    class="sc-dnqmqq LQEUe"
  />
  <div
    class="GridColumn__GridColumnClean-sc-1xz61ww-0 sc-gzVnrw gPskFt"
  >
    <div
      class="react-reveal"
      style="opacity: 1;"
    >
      <div
        data-test="block-"
        class="sc-bdVaJa fGzlqx"
      >
        <div
          class="sc-htpNat wioCx"
        >
          <div
            class="sc-bxivhb joTsHV"
          >
            <h3
              class="sc-bwzfXH kgEpTV"
            >
              Delar allt
            </h3>
          </div>
          <div
            class="sc-EHOje hJrdUN"
          >
            <div
              class="Paragraph__StyledParagraph-n6tulf-0 kcTDfe"
            >
              <div>
                <p>
                  På våra kodluncher lär vi av varandra. Vi mentorerar och vi labbar ihop. Vi anordnar Lounge Hack, bidrar till open source, till forumet kodapor tillsammans med 12000 andra utvecklare och deltar på konferenser. Vår kunskap är din kunskap.
                </p>
              </div>
            </div>
          </div>
        </div>
      </div>
    </div>
    <div
      class="ImageBlock__Content-sc-1efhaqb-0 gFrHlU"
    >
      <img
        src="test-file-stub"
        class="ImageBlock__ImageContainer-sc-1efhaqb-1 cjpGnT"
      />
    </div>
    <div
      class="react-reveal"
      style="opacity: 1;"
    >
      <div
        data-test="block-"
        class="sc-bdVaJa fGzlqx"
      >
        <div
          class="sc-htpNat wioCx"
        >
          <div
            class="sc-bxivhb joTsHV"
          >
            <h3
              class="sc-bwzfXH kgEpTV"
            >
              Långa strömmar, inte korta projekt
            </h3>
          </div>
          <div
            class="sc-EHOje hJrdUN"
          >
            <div
              class="Paragraph__StyledParagraph-n6tulf-0 kcTDfe"
            >
              <div>
                <p>
                  Våra kunder har alla stora möjligheter att göra skillnad på sina marknader. De är förbi datorisering och har redan lagt upp alla sina formulär på webben. Nu är de ute efter digitalisering. Och det tar tid. Därför har vi ofta långa relationer med våra kunder. Ofta blir vi vänner längs vägen.
                </p>
              </div>
            </div>
          </div>
        </div>
      </div>
    </div>
  </div>
</div>
`;
