// Jest Snapshot v1, https://goo.gl/fbAQLP

exports[`components/HowWeWork renders HowWeWork 1`] = `
<div>
  <div
    style="height: 700px;"
    class="lazyload-placeholder"
  />
  <div
    class="s7kn9a1-0-GridColumn__GridColumnClean-lcQAdD ikGgaF"
  >
    <div
      class="react-reveal"
      style="opacity: 1;"
    >
      <div
        class="PaddedRow-s3nsc5b-0 fDKhjr"
        data-test="block-"
      >
        <div
          class="Block__Content-jdahsb-0 eIdLjk"
        >
          <div
            class="Block__TitleWrap-jdahsb-1 dkYDLt"
          >
            <h3
              class="H3-s19jy0q4-0 cqQxoo"
            >
              I team
            </h3>
          </div>
          <div
            class="Block__Text-jdahsb-3 bdZkSQ"
          >
            <div
              class="Paragraph__StyledParagraph-s13mwy58-0 kBKPHf"
            >
              <div>
                <p>
                  Vi jobbar alltid i team. Systemutvecklare, strateger, interaktionsdesigners, visuella designers och värdecoacher. Alla är vi värdefulla var och en för sig och ännu mer ihop. Vi jobbar alltid tillsammans. Alltid i tvärfunktionella team. Aldrig uthyrda. Aldrig ensamma.
                </p>
              </div>
            </div>
          </div>
        </div>
      </div>
    </div>
    <div
      class="ImageBlock__Content-z1m3xf-0 gvUfre"
    >
      <img
        class="ImageBlock__ImageContainer-z1m3xf-1 kfYBxS"
        src="block_howwework.png"
      />
    </div>
    <div
      class="react-reveal"
      style="opacity: 1;"
    >
      <div
        class="PaddedRow-s3nsc5b-0 fDKhjr"
        data-test="block-"
      >
        <div
          class="Block__Content-jdahsb-0 eIdLjk"
        >
          <div
            class="Block__TitleWrap-jdahsb-1 dkYDLt"
          >
            <h3
              class="H3-s19jy0q4-0 cqQxoo"
            >
              Ständigt sökande
            </h3>
          </div>
          <div
            class="Block__Text-jdahsb-3 bdZkSQ"
          >
            <div
              class="Paragraph__StyledParagraph-s13mwy58-0 kBKPHf"
            >
              <div>
                <p>
                  Vi söker alltid efter den bästa processen. Den bästa metoden. Vi vågar ta risker, byta spår, byta teknik, experimentera och ifrågasätta både oss själva och våra kunder. Det är liksom det vi gör. Hela tiden.
                </p>
              </div>
            </div>
          </div>
        </div>
      </div>
    </div>
    <img
      class="ImageBleed__ImageContainer-vnhpmd-0 fRWLkh"
      src="bleed_howwework.jpg"
    />
    <div
      class="react-reveal"
      style="opacity: 1;"
    >
      <div
        class="PaddedRow-s3nsc5b-0 fDKhjr"
        data-test="block-"
      >
        <div
          class="Block__Content-jdahsb-0 eIdLjk"
        >
          <div
            class="Block__TitleWrap-jdahsb-1 dkYDLt"
          >
            <h3
              class="H3-s19jy0q4-0 cqQxoo"
            >
              Delar allt
            </h3>
          </div>
          <div
            class="Block__Text-jdahsb-3 bdZkSQ"
          >
            <div
              class="Paragraph__StyledParagraph-s13mwy58-0 kBKPHf"
            >
              <div>
                <p>
                  På våra kodluncher lär vi av varandra. Vi mentorerar och vi labbar ihop. Vi anordnar Lounge Hack, bidrar till open source, till forumet kodapor tillsammans med 12000 andra utvecklare och deltar på konferenser. Vår kunskap är din kunskap.
                </p>
              </div>
            </div>
          </div>
        </div>
      </div>
    </div>
    <div
      class="ImageBlock__Content-z1m3xf-0 gvUfre"
    >
      <img
        class="ImageBlock__ImageContainer-z1m3xf-1 kfYBxS"
        src="block_howwework2.png"
      />
    </div>
    <div
      class="react-reveal"
      style="opacity: 1;"
    >
      <div
        class="PaddedRow-s3nsc5b-0 fDKhjr"
        data-test="block-"
      >
        <div
          class="Block__Content-jdahsb-0 eIdLjk"
        >
          <div
            class="Block__TitleWrap-jdahsb-1 dkYDLt"
          >
            <h3
              class="H3-s19jy0q4-0 cqQxoo"
            >
              Långa strömmar, inte korta projekt
            </h3>
          </div>
          <div
            class="Block__Text-jdahsb-3 bdZkSQ"
          >
            <div
              class="Paragraph__StyledParagraph-s13mwy58-0 kBKPHf"
            >
              <div>
                <p>
                  Våra kunder har alla stora möjligheter att göra skillnad på sina marknader. De är förbi datorisering och har redan lagt upp alla sina formulär på webben. Nu är de ute efter digitalisering. Och det tar tid. Därför har vi ofta långa relationer med våra kunder. Ofta blir vi vänner längs vägen.
                </p>
              </div>
            </div>
          </div>
        </div>
      </div>
    </div>
  </div>
  <div
    class="s7kn9a1-0-GridColumn__GridColumnClean-lcQAdD bNSJkI"
  >
    <div
      class="TeamMembers__Members-gavpkf-0 fuDfYD"
    >
      <div
        class="TeamMemberDuo__Colleague-s9kjazo-0 ckQLGJ"
      >
        <a
          href="/teamet/cmm"
        >
          <div
            style="height: 226px;"
            class="lazyload-placeholder"
          />
        </a>
        <div
          class="TeamMemberDuo__Meta-s9kjazo-1 gzvJxw"
        >
          <div
            class="TeamMemberDuo__MetaSection-s9kjazo-3 XeOZD"
          >
            <div
              class="TeamMemberDuo__Title-s9kjazo-2 dFgPDl"
            >
              Cookie master
            </div>
            <div>
              Stockholm
            </div>
          </div>
          <div
            class="TeamMemberDuo__Title-s9kjazo-2 dFgPDl"
          >
            Cookie M
          </div>
          <div>
            <a
              class="NativeLink-s1qo6rwq-0 jNinQt"
              href="tel:0701234567"
            >
              070-123 45 67
            </a>
          </div>
          <a
            class="NativeLink-s1qo6rwq-0 jNinQt"
            href="mailto:cm@sesame.com"
          >
            cm@sesame.com
          </a>
        </div>
      </div>
      <div
        class="TeamMemberDuo__Colleague-s9kjazo-0 ckQLGJ"
      >
        <a
          href="/teamet/cvc"
        >
          <div
            style="height: 226px;"
            class="lazyload-placeholder"
          />
        </a>
        <div
          class="TeamMemberDuo__Meta-s9kjazo-1 gzvJxw"
        >
          <div
            class="TeamMemberDuo__MetaSection-s9kjazo-3 XeOZD"
          >
            <div
              class="TeamMemberDuo__Title-s9kjazo-2 dFgPDl"
            >
              1 ahahah
            </div>
            <div>
              Göteborg
            </div>
          </div>
          <div
            class="TeamMemberDuo__Title-s9kjazo-2 dFgPDl"
          >
            Count van Count
          </div>
          <div>
            <a
              class="NativeLink-s1qo6rwq-0 jNinQt"
              href="tel:0707654321"
            >
              070-765 43 21
            </a>
          </div>
          <a
            class="NativeLink-s1qo6rwq-0 jNinQt"
            href="mailto:count@sesame.com"
          >
            count@sesame.com
          </a>
        </div>
      </div>
    </div>
  </div>
</div>
`;
