// Jest Snapshot v1, https://goo.gl/fbAQLP

exports[`components/HowWeWork renders HowWeWork 1`] = `
<div>
  <div>
    <div
      class="sc-jtRfpW jaOZBl"
    >
      <div
        class="sc-kTUwUJ gOkXip"
      >
        <div
          class="sc-cmTdod cbLNuN"
        >
          <a
            class="sc-jwKygS ccXyBf"
          >
            <img
              class="sc-btzYZH gzqeJw"
              data-testid="logo"
              path="test-file-stub"
            />
          </a>
          <div
            class="sc-lhVmIH gEAOxd"
          >
            <a
              class="sc-elJkPf dEOAlI"
              aria-current="false"
            >
              Case
            </a>
            <a
              class="sc-elJkPf dEOAlI"
              aria-current="false"
            >
              AI
            </a>
            <a
              class="sc-elJkPf dEOAlI"
              aria-current="false"
            >
              Metod
            </a>
            <a
              class="sc-elJkPf dEOAlI"
              aria-current="false"
            >
              Medarbetare
            </a>
            <a
              class="sc-elJkPf dEOAlI"
              aria-current="false"
            >
              Karriär
            </a>
            <a
              class="sc-elJkPf dEOAlI"
              aria-current="false"
            >
              Om
            </a>
            <div
              class="sc-bYSBpT BnQkq"
            />
          </div>
        </div>
        <div
          class="sc-dqBHgY bymaoW"
        >
          <h1
            class="sc-gxMtzJ gChCoz"
          >
            <span>
              Så här jobbar vi 
            </span>
          </h1>
        </div>
      </div>
    </div>
  </div>
  <div
    class="sc-iwsKbI fwFOwW"
  >
    <div
      class="react-reveal"
      style="opacity: 1;"
    >
      <div
        class="sc-bdVaJa fGzlqx"
        data-test="block-"
      >
        <div
          class="sc-bxivhb kgeHJJ"
        >
          <div
            class="sc-ifAKCX cFlEyZ"
          >
            <h3
              class="sc-bwzfXH kgEpTV"
            >
              I team
            </h3>
          </div>
          <div
            class="sc-bZQynM hmvJjY"
          >
            <div
              class="sc-htpNat iEyarI"
            >
              <div>
                <p>
                  Vi jobbar alltid i team. Systemutvecklare, strateger, interaktionsdesigners, visuella designers och värdecoacher. Alla är vi värdefulla var och en för sig och ännu mer ihop. Vi jobbar alltid tillsammans. Alltid i tvärfunktionella team. Aldrig uthyrda. Aldrig ensamma.
                </p>
              </div>
            </div>
          </div>
        </div>
      </div>
    </div>
    <div
      class="sc-VigVT laHvOe"
    >
      <img
        class="sc-jTzLTM jKPziq"
        src="test-file-stub"
      />
    </div>
    <div
      class="react-reveal"
      style="opacity: 1;"
    >
      <div
        class="sc-bdVaJa fGzlqx"
        data-test="block-"
      >
        <div
          class="sc-bxivhb kgeHJJ"
        >
          <div
            class="sc-ifAKCX cFlEyZ"
          >
            <h3
              class="sc-bwzfXH kgEpTV"
            >
              Ständigt sökande
            </h3>
          </div>
          <div
            class="sc-bZQynM hmvJjY"
          >
            <div
              class="sc-htpNat iEyarI"
            >
              <div>
                <p>
                  Vi söker alltid efter den bästa processen. Den bästa metoden. Vi vågar ta risker, byta spår, byta teknik, experimentera och ifrågasätta både oss själva och våra kunder. Det är liksom det vi gör. Hela tiden.
                </p>
              </div>
            </div>
          </div>
        </div>
      </div>
    </div>
  </div>
  <div
    class="react-reveal"
    style="opacity: 1;"
  >
    <div
      class="sc-cJSrbW jnWIbK"
    >
      <div
        class="sc-bdVaJa fGzlqx"
        data-test="block-"
      >
        <div
          class="sc-ksYbfQ gohrNG"
        >
          <div
            class="sc-hmzhuo eRtqMp"
          >
            <h3
              class="sc-bwzfXH kgEpTV"
            >
              Just nu söker vi
            </h3>
            <ul
              class="sc-frDJqD gEgEjh"
            >
              <li
                class="sc-hqyNC jzvVnf"
              >
                <a
                  class="sc-jhAzac eJSshj"
                >
                  Junior UX Designer
                </a>
                (
                Stockholm
                )
              </li>
            </ul>
          </div>
          <div
            class="sc-hmzhuo eRtqMp"
          >
            <h4
              class="sc-kgAjT bykZqW"
            >
              Inget som passar?
            </h4>
            <div
              class="sc-kvZOFW rOLqR"
            >
              <div
                class="sc-htpNat iEyarI"
              >
                <div>
                  <p>
                    <a
                      href="mailto:joinus@iteam.se"
                    >
                      Spontanansök
                    </a>
                  </p>
                </div>
              </div>
            </div>
          </div>
        </div>
      </div>
    </div>
  </div>
  <img
    class="sc-gqjmRU kaGJTv"
    src="//images.ctfassets.net/rj4r6yfcesw5/62hgzE8G3ueMa2YSEuG4og/db2b643db6041f9d26936bc2d6006607/bleed_howwework.jpg"
  />
  <div
    class="sc-iwsKbI fwFOwW"
  >
    <div
      class="react-reveal"
      style="opacity: 1;"
    >
      <div
        class="sc-bdVaJa fGzlqx"
        data-test="block-"
      >
        <div
          class="sc-bxivhb kgeHJJ"
        >
          <div
            class="sc-ifAKCX cFlEyZ"
          >
            <h3
              class="sc-bwzfXH kgEpTV"
            >
              Delar allt
            </h3>
          </div>
          <div
            class="sc-bZQynM hmvJjY"
          >
            <div
              class="sc-htpNat iEyarI"
            >
              <div>
                <p>
                  På våra kodluncher lär vi av varandra. Vi mentorerar och vi labbar ihop. Vi anordnar Lounge Hack, bidrar till open source, till forumet kodapor tillsammans med 12000 andra utvecklare och deltar på konferenser. Vår kunskap är din kunskap.
                </p>
              </div>
            </div>
          </div>
        </div>
      </div>
    </div>
    <div
      class="sc-VigVT laHvOe"
    >
      <img
        class="sc-jTzLTM jKPziq"
        src="test-file-stub"
      />
    </div>
    <div
      class="react-reveal"
      style="opacity: 1;"
    >
      <div
        class="sc-bdVaJa fGzlqx"
        data-test="block-"
      >
        <div
          class="sc-bxivhb kgeHJJ"
        >
          <div
            class="sc-ifAKCX cFlEyZ"
          >
            <h3
              class="sc-bwzfXH kgEpTV"
            >
              Långa strömmar, inte korta projekt
            </h3>
          </div>
          <div
            class="sc-bZQynM hmvJjY"
          >
            <div
              class="sc-htpNat iEyarI"
            >
              <div>
                <p>
                  Våra kunder har alla stora möjligheter att göra skillnad på sina marknader. De är förbi datorisering och har redan lagt upp alla sina formulär på webben. Nu är de ute efter digitalisering. Och det tar tid. Därför har vi ofta långa relationer med våra kunder. Ofta blir vi vänner längs vägen.
                </p>
              </div>
            </div>
          </div>
        </div>
      </div>
    </div>
  </div>
</div>
`;
