// Jest Snapshot v1, https://goo.gl/fbAQLP

exports[`components/Offers renders Offers 1`] = `
<div>
  <div>
    <div
      class="GridColumn__GridColumnClean-sc-1xz61ww-0 sc-jAaTju cDcXKZ"
    >
      <div
        class="Header__Content-sc-1ofdv2r-0 limgqW"
      >
        <div
          class="Navigation__Wrap-sc-1i56sr4-0 dNCifP"
        >
          <a
            class="sc-cvbbAY dhRuSr"
          >
            <img
              data-testid="logo"
              path="test-file-stub"
              class="sc-jWBwVP jxyVEp"
            />
          </a>
          <div
            class="Navigation__NavigationItems-sc-1i56sr4-2 MOtbt"
          >
            <a
              class="sc-brqgnP hvWfHh"
              aria-current="false"
            >
              Erbjudanden
            </a>
            <a
              class="sc-brqgnP hvWfHh"
              aria-current="false"
            >
              Våra case
            </a>
            <a
              class="sc-brqgnP hvWfHh"
              aria-current="false"
            >
              Metod
            </a>
            <a
              class="sc-brqgnP hvWfHh"
              aria-current="false"
            >
              Medarbetare
            </a>
            <a
              class="sc-brqgnP hvWfHh"
              aria-current="false"
            >
              Karriär
            </a>
            <a
              class="sc-brqgnP hvWfHh"
              aria-current="false"
            >
              Om
            </a>
            <a
              class="sc-brqgnP sc-cMljjf lbGDpV"
              aria-current="false"
            >
              Kontakt
            </a>
            <div
              class="Navigation__Indicator-sc-1i56sr4-1 Vplmv"
            />
          </div>
        </div>
        <div
          class="Header__MessageRow-sc-1ofdv2r-1 indJOe"
        >
          <h1
            class="H1-sc-1k64xg2-0 sc-jDwBTQ fmYkNf"
          >
            <span
              class="Header__MessageLine-sc-1ofdv2r-2 hcZgwB"
            >
              Våra erbjudanden
            </span>
          </h1>
        </div>
      </div>
    </div>
  </div>
  <div
    class="GridColumn__GridColumnClean-sc-1xz61ww-0 sc-htpNat kmHAwx"
  >
    <div
      class="PaddedRow-sc-13wt5gj-0 dtvxob"
    >
      <div
        class="react-reveal"
        style="opacity: 1;"
      >
        <div
          class="Paragraph__StyledParagraph-n6tulf-0 kcTDfe"
        >
          <div>
            <p>
              Kod, kultur och strategi är nödvändliga beståndsdelar för att skapa innovation. Aeneanurutrum, erat at tempus porttitor, mi eros vestibulum magna, eget semper mauris ipsum a nisi. Interdum et malesuada fames ac ante ipsum primis in faucibus.
            </p>
          </div>
        </div>
      </div>
      <div
        class="react-reveal"
        style="opacity: 1;"
      >
        <div
          class="GridColumn__GridColumnClean-sc-1xz61ww-0 sc-htpNat sc-fjdhpX mTDkJ"
        >
          <div
            class="Offers__OfferIntroItem-sc-1rn487j-0 dGQKiC"
          >
            <img
              src="//images.ctfassets.net/rj4r6yfcesw5/5n7J4mzx3UWam0YwgsUQm/8e00d12d6e80eba927b2a313fb250d87/1.png"
              class="Offers__OfferIntroImage-sc-1rn487j-1 fqUlA"
            />
            <h3
              class="H3-sc-1kpkcxu-0 hpTLhF"
            >
              Kod
            </h3>
            <div
              class="Paragraph__StyledParagraph-n6tulf-0 kcTDfe"
            >
              <div>
                <p>
                  Systemutveckling, automatisering, artificiell intelligens, maskininlärning. Vi har alla redskap du behöver för att bygga vad du vill. Det du vill. Och vet du inte vad du behöver så hjälper vi dig med det med. 
                </p>
              </div>
            </div>
            <a
              class="sc-fjdhpX sc-jKJlTe idEuFp"
            >
              Läs mer om 
              kod
            </a>
          </div>
        </div>
      </div>
    </div>
  </div>
  <div
    id="kod"
    class="GridColumn__GridColumnClean-sc-1xz61ww-0 sc-htpNat sc-kAzzGY hHqyzp"
  >
    <div
      class="PaddedRow-sc-13wt5gj-0 dtvxob"
    >
      <div
        class="react-reveal"
        style="opacity: 1;"
      >
        <h1
          class="H1-sc-1k64xg2-0 sc-ckVGcZ bpzxJy"
        >
          Kod
        </h1>
      </div>
      <div
        class="react-reveal"
        style="opacity: 1;"
      >
        <div
          class="Paragraph__StyledParagraph-n6tulf-0 kcTDfe"
        >
          <div>
            <p>
              Aeneanurutrum, erat at tempus porttitor, mi eros vestibulum magna, eget semper mauris ipsum a nisi. Interdum et malesuada fames ac ante ipsum primis in faucibus. Class aptent taciti sociosqu ad litora torquent per conubia nostra, per inceptos himenaeos. Cras quis odio vel turpis pellentesque finibus. Pellentesque cursus diam ac ligula placerat volutpat. Vivamus dictum augue eu rutrum efficitur. Suspendisse ut pellentesque ante. 
            </p>
          </div>
        </div>
      </div>
      <div
        class="react-reveal"
        style="opacity: 1;"
      >
        <div
          class="GridColumn__GridColumnClean-sc-1xz61ww-0 sc-htpNat sc-chPdSV iLjGUD"
        >
          <div
            class="Offers__OfferUspItem-sc-1rn487j-2 stQCB"
          >
            <h3
              class="H3-sc-1kpkcxu-0 hpTLhF"
            >
              Utveckling av pilot
            </h3>
            <div
              class="Paragraph__StyledParagraph-n6tulf-0 kcTDfe"
            >
              <div>
                <p>
                  Aeneanurutrum, erat at tempus porttitor, mi eros vestibulum magna, eget semper mauris ipsum a nisi.
                </p>
              </div>
            </div>
          </div>
          <div
            class="Offers__OfferUspItem-sc-1rn487j-2 stQCB"
          >
            <h3
              class="H3-sc-1kpkcxu-0 hpTLhF"
            >
              API
            </h3>
            <div
              class="Paragraph__StyledParagraph-n6tulf-0 kcTDfe"
            >
              <div>
                <p>
                  Aeneanurutrum, erat at tempus porttitor, mi eros vestibulum magna, eget semper mauris ipsum a nisi.
                </p>
              </div>
            </div>
          </div>
          <div
            class="Offers__OfferUspItem-sc-1rn487j-2 stQCB"
          >
            <h3
              class="H3-sc-1kpkcxu-0 hpTLhF"
            >
              Mobila applikationer
            </h3>
            <div
              class="Paragraph__StyledParagraph-n6tulf-0 kcTDfe"
            >
              <div>
                <p>
                  Aeneanurutrum, erat at tempus porttitor, mi eros vestibulum magna, eget semper mauris ipsum a nisi.
                </p>
              </div>
            </div>
          </div>
          <div
            class="Offers__OfferUspItem-sc-1rn487j-2 stQCB"
          >
            <h3
              class="H3-sc-1kpkcxu-0 hpTLhF"
            >
              AI-lösningar
            </h3>
            <div
              class="Paragraph__StyledParagraph-n6tulf-0 kcTDfe"
            >
              <div>
                <p>
                  Aeneanurutrum, erat at tempus porttitor, mi eros vestibulum magna, eget semper mauris ipsum a nisi
                </p>
              </div>
            </div>
          </div>
        </div>
      </div>
      <img
        src="//images.ctfassets.net/rj4r6yfcesw5/5SAhc8YuL6OaQQsC6miokK/7c09d594e44ffa47781bf1bdb21aae7f/illustrations-group-2.png"
        class="Offers__OfferIllustrationImage-sc-1rn487j-3 dPxKFl"
      />
    </div>
  </div>
</div>
`
