// Jest Snapshot v1, https://goo.gl/fbAQLP

exports[`components/Offers renders Offers 1`] = `
<div>
  <div>
    <div
      class="sc-hwwEjo bReNqI"
    >
      <div
        class="sc-kPVwWT bfscyN"
      >
        <div
          class="sc-kTUwUJ edcQtv"
        >
          <a
            class="sc-dqBHgY BqHh"
          >
            <img
              class="sc-gxMtzJ guAkch"
              data-testid="logo"
              path="test-file-stub"
            />
          </a>
          <div
            class="sc-dfVpRl joBoAS"
          >
            <a
              class="sc-iyvyFf irQPJA"
              aria-current="false"
            >
              Erbjudanden
            </a>
            <a
              class="sc-iyvyFf irQPJA"
              aria-current="false"
            >
              Våra case
            </a>
            <a
              class="sc-iyvyFf irQPJA"
              aria-current="false"
            >
              Metod
            </a>
            <a
              class="sc-iyvyFf irQPJA"
              aria-current="false"
            >
              Medarbetare
            </a>
            <a
              class="sc-iyvyFf irQPJA"
              aria-current="false"
            >
              Karriär
            </a>
            <a
              class="sc-iyvyFf irQPJA"
              aria-current="false"
            >
              Om
            </a>
            <div
              class="sc-gzOgki bZZexF"
            />
          </div>
        </div>
        <div
          class="sc-kfGgVZ kPvaat"
        >
          <h1
            class="sc-esjQYD hJXmNj"
          >
            <span>
              Våra erbjudanden
            </span>
          </h1>
        </div>
      </div>
    </div>
  </div>
  <div
    class="sc-iwsKbI cTexZb"
  >
    <div
      class="sc-bdVaJa fGzlqx"
    >
      <div
        class="react-reveal"
        style="opacity: 1;"
      >
        <div
          class="sc-htpNat bkGJgg"
        >
          <div>
            <p>
              Kod, kultur och strategi är nödvändliga beståndsdelar för att skapa innovation. Aeneanurutrum, erat at tempus porttitor, mi eros vestibulum magna, eget semper mauris ipsum a nisi. Interdum et malesuada fames ac ante ipsum primis in faucibus.
            </p>
          </div>
        </div>
      </div>
      <div
        class="react-reveal"
        style="opacity: 1;"
      >
        <div
          class="sc-kvZOFW jBOBKA sc-iwsKbI cTexZb"
        >
          <div
            class="sc-jbKcbu fYIBew"
          >
            <img
              class="sc-dNLxif mLmym"
              src="//images.ctfassets.net/rj4r6yfcesw5/5n7J4mzx3UWam0YwgsUQm/8e00d12d6e80eba927b2a313fb250d87/1.png"
            />
            <h3
              class="sc-bwzfXH kgEpTV"
            >
              Kod
            </h3>
            <div
              class="sc-htpNat bkGJgg"
            >
              <div>
                <p>
                  Systemutveckling, automatisering, artificiell intelligens, maskininlärning. Vi har alla redskap du behöver för att bygga vad du vill. Det du vill. Och vet du inte vad du behöver så hjälper vi dig med det med. 
                </p>
              </div>
            </div>
            <a
              class="sc-jqCOkK jIipQE sc-Rmtcm dQDOMo"
            >
              Läs mer om 
              kod
            </a>
          </div>
        </div>
      </div>
    </div>
  </div>
  <div
    class="sc-uJMKN bvzAXn sc-iwsKbI cTexZb"
    id="kod"
  >
    <div
      class="sc-bdVaJa fGzlqx"
    >
      <div
        class="react-reveal"
        style="opacity: 1;"
      >
        <h1
          class="sc-hqyNC ccXplx sc-gZMcBi ctjDhW"
        >
          Kod
        </h1>
      </div>
      <div
        class="react-reveal"
        style="opacity: 1;"
      >
        <div
          class="sc-htpNat bkGJgg"
        >
          <div>
            <p>
              Aeneanurutrum, erat at tempus porttitor, mi eros vestibulum magna, eget semper mauris ipsum a nisi. Interdum et malesuada fames ac ante ipsum primis in faucibus. Class aptent taciti sociosqu ad litora torquent per conubia nostra, per inceptos himenaeos. Cras quis odio vel turpis pellentesque finibus. Pellentesque cursus diam ac ligula placerat volutpat. Vivamus dictum augue eu rutrum efficitur. Suspendisse ut pellentesque ante. 
            </p>
          </div>
        </div>
      </div>
      <div
        class="react-reveal"
        style="opacity: 1;"
      >
        <div
          class="sc-bbmXgH kaceyp sc-iwsKbI cTexZb"
        >
          <div
            class="sc-gGBfsJ eKDMkt"
          >
            <h3
              class="sc-bwzfXH kgEpTV"
            >
              Utveckling av pilot
            </h3>
            <div
              class="sc-htpNat bkGJgg"
            >
              <div>
                <p>
                  Aeneanurutrum, erat at tempus porttitor, mi eros vestibulum magna, eget semper mauris ipsum a nisi.
                </p>
              </div>
            </div>
          </div>
          <div
            class="sc-gGBfsJ eKDMkt"
          >
            <h3
              class="sc-bwzfXH kgEpTV"
            >
              API
            </h3>
            <div
              class="sc-htpNat bkGJgg"
            >
              <div>
                <p>
                  Aeneanurutrum, erat at tempus porttitor, mi eros vestibulum magna, eget semper mauris ipsum a nisi.
                </p>
              </div>
            </div>
          </div>
          <div
            class="sc-gGBfsJ eKDMkt"
          >
            <h3
              class="sc-bwzfXH kgEpTV"
            >
              Mobila applikationer
            </h3>
            <div
              class="sc-htpNat bkGJgg"
            >
              <div>
                <p>
                  Aeneanurutrum, erat at tempus porttitor, mi eros vestibulum magna, eget semper mauris ipsum a nisi.
                </p>
              </div>
            </div>
          </div>
          <div
            class="sc-gGBfsJ eKDMkt"
          >
            <h3
              class="sc-bwzfXH kgEpTV"
            >
              AI-lösningar
            </h3>
            <div
              class="sc-htpNat bkGJgg"
            >
              <div>
                <p>
                  Aeneanurutrum, erat at tempus porttitor, mi eros vestibulum magna, eget semper mauris ipsum a nisi
                </p>
              </div>
            </div>
          </div>
        </div>
      </div>
      <img
        class="sc-jnlKLf byHvzH"
        src="//images.ctfassets.net/rj4r6yfcesw5/5SAhc8YuL6OaQQsC6miokK/7c09d594e44ffa47781bf1bdb21aae7f/illustrations-group-2.png"
      />
    </div>
  </div>
</div>
`;
