// Jest Snapshot v1, https://goo.gl/fbAQLP

exports[`components/Ops renders Ops 1`] = `
<div>
  <div>
    <div
      class="sc-dqBHgY hwWdHv"
    >
      <div
        class="sc-gxMtzJ eXQJvD"
      >
        <div
          class="sc-btzYZH cZSewS"
        >
          <a
            class="sc-lhVmIH ikqhWa"
          >
            <img
              class="sc-bYSBpT dCPoBO"
              data-testid="logo"
              path="test-file-stub"
            />
          </a>
          <div
            class="sc-elJkPf kVhaog"
          >
            <a
              class="sc-kTUwUJ fEMxFB"
              aria-current="false"
            >
              Erbjudanden
            </a>
            <a
              class="sc-kTUwUJ fEMxFB"
              aria-current="false"
            >
              Case
            </a>
            <a
              class="sc-kTUwUJ fEMxFB"
              aria-current="false"
            >
              Metod
            </a>
            <a
              class="sc-kTUwUJ fEMxFB"
              aria-current="false"
            >
              Medarbetare
            </a>
            <a
              class="sc-kTUwUJ fEMxFB"
              aria-current="false"
            >
              Karriär
            </a>
            <a
              class="sc-kTUwUJ fEMxFB"
              aria-current="false"
            >
              Om
            </a>
            <div
              class="sc-jtRfpW hwCVJp"
            />
          </div>
        </div>
        <div
          class="sc-dfVpRl hlzXex"
        >
          <h1
            class="sc-gzOgki hWUYma"
          >
            <span>
              Skräddarsydd drift och support
            </span>
          </h1>
          <h1
            class="sc-gzOgki hWUYma"
          >
            <span>
              sedan 1995
            </span>
          </h1>
        </div>
      </div>
    </div>
  </div>
  <div
    class="sc-iwsKbI fwFOwW"
  >
    <div
      class="react-reveal"
      style="opacity: 1;"
    >
      <div
        class="sc-bdVaJa fGzlqx"
        data-test="block-"
      >
        <div
          class="sc-bxivhb kgeHJJ"
        >
          <div
            class="sc-ifAKCX cFlEyZ"
          >
            <h3
              class="sc-bwzfXH kgEpTV"
            >
              Om oss
            </h3>
          </div>
          <div
            class="sc-bZQynM hmvJjY"
          >
            <div
              class="sc-htpNat iEyarI"
            >
              <div>
                <p>
                  Operations är namnet på Iteams drift & supportavdelning, sedan 1995 har vi hjälpt våra kunder att göra det de ska göra - utan att vara hindrade av krånglande teknik. Vårt mål är att erbjuda en personlig, professionell service - utan någon “First line” att ta sig förbi.
                </p>
                <p>
                  Vi är inte bundna till någon specifik leverantör av hård- eller mjukvara utan rekommenderar alltid det som är bäst i varje enskilt fall. Beroende på uppdraget har Iteam varit allt från komplett uthyrd IT avdelning till specialisthjälp inom olika områden.
                </p>
              </div>
            </div>
          </div>
        </div>
      </div>
    </div>
    <img
      class="sc-gqjmRU kaGJTv"
      src="//images.ctfassets.net/rj4r6yfcesw5/2CDS7p7sxGw0GyqSwqyQO6/64a78af7e16d70db815cd8677244c5a9/bleed_ops.jpg"
    />
    <div
      class="react-reveal"
      style="opacity: 1;"
    >
      <div
        class="sc-bdVaJa fGzlqx"
        data-test="block-"
      >
        <div
          class="sc-bxivhb kgeHJJ"
        >
          <div
            class="sc-ifAKCX cFlEyZ"
          >
            <h3
              class="sc-bwzfXH kgEpTV"
            >
              Nätverk
            </h3>
          </div>
          <div
            class="sc-bZQynM hmvJjY"
          >
            <div
              class="sc-htpNat iEyarI"
            >
              <div>
                <p>
                  Oavsett om det gäller High Availability med site-to-site VPN eller trådlösa nätverk med 802.1X så kan vi hjälpa dig och ditt företag. Vi är partner och certifierade på svenska leverantören Clavisters brandväggsprodukter. 
                </p>
                <p>
                  Vi använder i huvudsak Ubiquiti Networks nätverksprodukter och är certifierade på produktserien UniFi men har även erfarenhet produkter från Dell, HP/Aruba och Meraki.
                </p>
              </div>
            </div>
          </div>
        </div>
      </div>
    </div>
    <div
      class="sc-VigVT laHvOe"
    >
      <img
        class="sc-jTzLTM jKPziq"
        src="test-file-stub"
      />
    </div>
    <div
      class="react-reveal"
      style="opacity: 1;"
    >
      <div
        class="sc-bdVaJa fGzlqx"
        data-test="block-"
      >
        <div
          class="sc-bxivhb kgeHJJ"
        >
          <div
            class="sc-ifAKCX cFlEyZ"
          >
            <h3
              class="sc-bwzfXH kgEpTV"
            >
              Mjukvara
            </h3>
          </div>
          <div
            class="sc-bZQynM hmvJjY"
          >
            <div
              class="sc-htpNat iEyarI"
            >
              <div>
                <p>
                  Som Microsoft Silver Partner hjälper vi er med hela er Windows-miljö, servrar och klienter. Vi automatiserar installation och uppdateringar av mjukvaran ni använder i ert dagliga arbete. Vi har med största sannolikhet erfarenhet av den mjukvara ni använder, ja - även den där som bara funkar i Windows NT på en gammal dator i skamvrån.
                </p>
                <p>
                  PS. Vi är även Red Hat Partner och hjälper er med era Linux-servrar.
                </p>
              </div>
            </div>
          </div>
        </div>
      </div>
    </div>
    <div
      class="react-reveal"
      style="opacity: 1;"
    >
      <div
        class="sc-bdVaJa fGzlqx"
        data-test="block-"
      >
        <div
          class="sc-bxivhb kgeHJJ"
        >
          <div
            class="sc-ifAKCX cFlEyZ"
          >
            <h3
              class="sc-bwzfXH kgEpTV"
            >
              Hårdvara
            </h3>
          </div>
          <div
            class="sc-bZQynM hmvJjY"
          >
            <div
              class="sc-htpNat iEyarI"
            >
              <div>
                <p>
                  Iteam har lång erfarenhet av att installera och underhålla redundanta system för virtualisering. Vi är mest hemma i Microsoft Hyper-V kluster men klarar även andra. Vi hjälper dig välja utrustning för just dina behov, vi är märkesoberoende även om vi har våra favoriter. Vi har erfarenhet av arbetsstationer och servrar från bl.a Dell, Lenovo, HP, Supermicro och är certifierade på QSAN för lagringslösningar.
                </p>
              </div>
            </div>
          </div>
        </div>
      </div>
    </div>
  </div>
</div>
`;
