// Jest Snapshot v1, https://goo.gl/fbAQLP

exports[`components/Ops renders Ops 1`] = `
<div>
  <div>
    <div
      class="GridColumn__GridColumnClean-sc-1xz61ww-0 sc-kEYyzF eRKTqF"
    >
      <div
        class="Header__Content-sc-1ofdv2r-0 limgqW"
      >
        <div
          class="Navigation__Wrap-sc-1i56sr4-0 cGavfh"
        >
          <a
            class="sc-jKJlTe bIUarX"
          >
            <img
              data-testid="logo"
              path="test-file-stub"
              class="sc-eNQAEJ gYmRno"
            />
          </a>
          <div
            class="Navigation__NavigationItems-sc-1i56sr4-2 gfiCRw"
          >
            <a
              class="sc-hMqMXs fILlfv"
              aria-current="false"
            >
              Erbjudanden
            </a>
            <a
              class="sc-hMqMXs fILlfv"
              aria-current="false"
            >
              Våra case
            </a>
            <a
              class="sc-hMqMXs fILlfv"
              aria-current="false"
            >
              Metod
            </a>
            <a
              class="sc-hMqMXs fILlfv"
              aria-current="false"
            >
              Medarbetare
            </a>
            <a
              class="sc-hMqMXs fILlfv"
              aria-current="false"
            >
              Karriär
            </a>
            <a
              class="sc-hMqMXs fILlfv"
              aria-current="false"
            >
              Om
            </a>
            <div
              class="Navigation__Indicator-sc-1i56sr4-1 Vplmv"
            />
          </div>
        </div>
        <div
          class="Header__MessageRow-sc-1ofdv2r-1 indJOe"
        >
          <h1
            class="H1-sc-1k64xg2-0 sc-kkGfuU iULgpw"
          >
            <span>
              Drift och support
            </span>
          </h1>
        </div>
      </div>
    </div>
  </div>
  <div
    class="GridColumn__GridColumnClean-sc-1xz61ww-0 sc-bwzfXH hpcCKS"
  >
    <div
      class="react-reveal"
      style="opacity: 1;"
    >
      <div
        data-test="block-"
        class="PaddedRow-sc-13wt5gj-0 dtvxob"
      >
        <div
          class="Block__Content-unfn3n-0 cIXgTw"
        >
          <div
            class="Block__TitleWrap-unfn3n-1 jxTEsm"
          >
            <h3
              class="H3-sc-1kpkcxu-0 hpTLhF"
            >
              Vi hjälper dig med din dator
            </h3>
          </div>
          <div
            class="Block__Text-unfn3n-3 hyeDUp"
          >
            <div
              class="Paragraph__StyledParagraph-n6tulf-0 kcTDfe"
            >
              <div>
                <p>
                  Ring 
                  <a
                    title="+46 826 70 90"
                    href="tel:+46-826-70-90"
                  >
                    +46 826 70 90
                  </a>
                  och välj 1 i telefonväxeln. Klicka därefter på följade länk: 
                  <a
                    href="http://get.teamviewer.com/j8dvucq"
                  >
                    ladda ner Teamviewer
                  </a>
                  .
                </p>
              </div>
            </div>
          </div>
        </div>
      </div>
    </div>
  </div>
</div>
`;
