// Jest Snapshot v1, https://goo.gl/fbAQLP

exports[`components/Team renders TeamMember 1`] = `
<div>
  <div
    class="sc-esjQYD gllmKO"
  >
    <div>
      <div
        class="sc-iyvyFf jTeqVc"
      >
        <div
          class="sc-hwwEjo idbpfi"
        >
          <div
            class="sc-jtRfpW kaiGPi"
          >
            <a
              class="sc-kTUwUJ ijPJJc"
            >
              <img
                class="sc-dqBHgY kmuJpj"
                data-testid="logo"
                path="test-file-stub"
              />
            </a>
            <div
              class="sc-gxMtzJ fEeBIz"
            >
              <a
                class="sc-gzOgki dsuNbc"
                aria-current="false"
              >
                Case
              </a>
              <a
                class="sc-gzOgki dsuNbc"
                aria-current="false"
              >
                AI
              </a>
              <a
                class="sc-gzOgki dsuNbc"
                aria-current="false"
              >
                Metod
              </a>
              <a
                class="sc-gzOgki dsuNbc active-nav"
                aria-current="true"
              >
                Medarbetare
              </a>
              <a
                class="sc-gzOgki dsuNbc"
                aria-current="false"
              >
                Karriär
              </a>
              <a
                class="sc-gzOgki dsuNbc"
                aria-current="false"
              >
                Om
              </a>
              <div
                class="sc-dfVpRl foeOrh"
              />
            </div>
          </div>
          <div
            class="sc-kPVwWT bZitsY"
          >
            <h1
              class="sc-kfGgVZ evHcTd"
            >
              <span>
                Rickard Laurin
                Webbutvecklare
              </span>
            </h1>
          </div>
        </div>
      </div>
    </div>
    <div
      class="sc-iwsKbI fwFOwW"
    >
      <div
        class="sc-gzVnrw jfvayO"
        data-test="breadcrumbs"
      >
        <a>
          <span
            class="sc-htoDjs hjXPuh"
          >
            Medarbetare
          </span>
        </a>
        <span>
          Rickard Laurin
        </span>
      </div>
      <div
        class="react-reveal"
        style="opacity: 1;"
      >
        <div
          class="sc-bdVaJa fGzlqx"
          data-test="block-"
        >
          <div
            class="sc-bxivhb kgeHJJ"
          >
            <div
              class="sc-ifAKCX cFlEyZ"
            >
              <h3
                class="sc-bwzfXH kgEpTV"
              >
                Kontakt
              </h3>
            </div>
            <div
              class="sc-bZQynM hmvJjY"
            >
              <ul
                class="sc-kvZOFW dWodfG"
              >
                <li>
                  <a
                    class="sc-feJyhm lkGMcu"
                    href="mailto:rickard.laurin@iteam.se"
                  >
                    rickard.laurin@iteam.se
                  </a>
                </li>
              </ul>
            </div>
          </div>
        </div>
      </div>
      <div
        class="react-reveal"
        style="opacity: 1;"
      >
        <div
          class="sc-bdVaJa fGzlqx"
          data-test="block-"
        >
          <div
            class="sc-bxivhb kgeHJJ"
          >
            <div
              class="sc-ifAKCX cFlEyZ"
            >
              <h3
                class="sc-bwzfXH kgEpTV"
              >
                Varför jobbar du med teknik?
              </h3>
            </div>
            <div
              class="sc-bZQynM hmvJjY"
            >
              <div
                class="sc-htpNat bkGJgg"
              >
                <div>
                  <p>
                    In the early 90's my family got its first 286, it was love at first sight. In my teen years I played a lot of Delta Force and started developing the clan websites. Until I started at KTH I only did minor hobby projects. There I managed my chapters website and assisted younger students in MATLAB. This is when I realized what I really wanted to work with, building beautiful websites.
                  </p>
                </div>
              </div>
            </div>
          </div>
        </div>
      </div>
      <div
        class="react-reveal"
        style="opacity: 1;"
      >
        <div
          class="sc-bdVaJa fGzlqx"
          data-test="block-"
        >
          <div
            class="sc-bxivhb kgeHJJ"
          >
            <div
              class="sc-ifAKCX cFlEyZ"
            >
              <h3
                class="sc-bwzfXH kgEpTV"
              >
                Bakgrund
              </h3>
            </div>
            <div
              class="sc-bZQynM hmvJjY"
            >
              <div
                class="sc-htpNat bkGJgg"
              >
                <div>
                  <p>
                    Materials Science and Engineering at KTH (Royal Institute of Technology). Interaction designer at Nackademin.
                  </p>
                </div>
              </div>
            </div>
          </div>
        </div>
      </div>
      <div
        class="react-reveal"
        style="opacity: 1;"
      >
        <div
          class="sc-bdVaJa fGzlqx"
          data-test="block-"
        >
          <div
            class="sc-bxivhb kgeHJJ"
          >
            <div
              class="sc-ifAKCX cFlEyZ"
            >
              <h3
                class="sc-bwzfXH kgEpTV"
              >
                Specialistkompetens
              </h3>
            </div>
            <div
              class="sc-bZQynM hmvJjY"
            >
              <div
                class="sc-htpNat bkGJgg"
              >
                <div>
                  <p>
                    HTML5, CSS and JavaScript.
                  </p>
                </div>
              </div>
            </div>
          </div>
        </div>
      </div>
    </div>
  </div>
</div>
`;
