// Jest Snapshot v1, https://goo.gl/fbAQLP

exports[`components/Team renders TeamMember 1`] = `
<div>
  <div
    class="sc-fBuWsC jhdvQT"
  >
    <div>
      <div
        class="GridColumn__GridColumnClean-sc-1xz61ww-0 sc-hzDkRC idDhWk"
      >
        <div
          class="Header__Content-sc-1ofdv2r-0 limgqW"
        >
          <div
            class="Navigation__Wrap-sc-1i56sr4-0 dNCifP"
          >
            <a
              class="sc-csuQGl kBaCvS"
            >
              <img
                data-testid="logo"
                path="test-file-stub"
                class="sc-Rmtcm jeZXze"
              />
            </a>
            <div
              class="Navigation__NavigationItems-sc-1i56sr4-1 kQCxjI"
            >
              <a
                class="sc-bRBYWo cBPUew"
                aria-current="false"
              >
                Erbjudanden
              </a>
              <a
                class="sc-bRBYWo cBPUew"
                aria-current="false"
              >
                Våra case
              </a>
              <a
                class="sc-bRBYWo cBPUew"
                aria-current="false"
              >
                Metod
              </a>
              <a
                class="sc-bRBYWo cBPUew active-nav"
                aria-current="true"
              >
                Medarbetare
              </a>
              <a
                class="sc-bRBYWo cBPUew"
                aria-current="false"
              >
                Karriär
              </a>
              <a
                class="sc-bRBYWo cBPUew"
                aria-current="false"
              >
                Om
              </a>
              <div
                class="Navigation__Indicator-sc-1i56sr4-2 gdIgfK"
              />
            </div>
          </div>
          <div
            class="Header__MessageRow-sc-1ofdv2r-1 indJOe"
          >
            <h1
              class="sc-htoDjs sc-jhAzac jWXEtZ"
            >
              <span>
                Rickard Laurin
                Webbutvecklare
              </span>
            </h1>
          </div>
        </div>
      </div>
    </div>
    <div
      class="GridColumn__GridColumnClean-sc-1xz61ww-0 sc-gzVnrw gPskFt"
    >
      <div
        data-test="breadcrumbs"
        class="sc-bdVaJa sc-bZQynM fXeWOs"
      >
        <a>
          <span
            class="Breadcrumbs__StyledSpan-sc-1ajw33n-0 bBBcLz"
          >
            Medarbetare
          </span>
        </a>
        <span>
          Rickard Laurin
        </span>
      </div>
      <div
        class="react-reveal"
        style="opacity: 1;"
      >
        <div
          data-test="block-"
          class="sc-bdVaJa fGzlqx"
        >
          <div
            class="sc-htpNat wioCx"
          >
            <div
              class="sc-bxivhb joTsHV"
            >
              <h3
                class="sc-bwzfXH kgEpTV"
              >
                Kontakt
              </h3>
            </div>
            <div
              class="sc-EHOje hJrdUN"
            >
              <ul
                class="sc-eNQAEJ kScmzq"
              >
                <li>
                  <a
                    href="mailto:rickard.laurin@iteam.se"
                    class="sc-jWBwVP sc-brqgnP dWbqVo"
                  >
                    rickard.laurin@iteam.se
                  </a>
                </li>
              </ul>
            </div>
          </div>
        </div>
      </div>
      <div
        class="react-reveal"
        style="opacity: 1;"
      >
        <div
          data-test="block-"
          class="sc-bdVaJa fGzlqx"
        >
          <div
            class="sc-htpNat wioCx"
          >
            <div
              class="sc-bxivhb joTsHV"
            >
              <h3
                class="sc-bwzfXH kgEpTV"
              >
                Varför jobbar du med teknik?
              </h3>
            </div>
            <div
              class="sc-EHOje hJrdUN"
            >
              <div
                class="Paragraph__StyledParagraph-n6tulf-0 kcTDfe"
              >
                <div>
                  <p>
                    In the early 90's my family got its first 286, it was love at first sight. In my teen years I played a lot of Delta Force and started developing the clan websites. Until I started at KTH I only did minor hobby projects. There I managed my chapters website and assisted younger students in MATLAB. This is when I realized what I really wanted to work with, building beautiful websites.
                  </p>
                </div>
              </div>
            </div>
          </div>
        </div>
      </div>
      <div
        class="react-reveal"
        style="opacity: 1;"
      >
        <div
          data-test="block-"
          class="sc-bdVaJa fGzlqx"
        >
          <div
            class="sc-htpNat wioCx"
          >
            <div
              class="sc-bxivhb joTsHV"
            >
              <h3
                class="sc-bwzfXH kgEpTV"
              >
                Bakgrund
              </h3>
            </div>
            <div
              class="sc-EHOje hJrdUN"
            >
              <div
                class="Paragraph__StyledParagraph-n6tulf-0 kcTDfe"
              >
                <div>
                  <p>
                    Materials Science and Engineering at KTH (Royal Institute of Technology). Interaction designer at Nackademin.
                  </p>
                </div>
              </div>
            </div>
          </div>
        </div>
      </div>
      <div
        class="react-reveal"
        style="opacity: 1;"
      >
        <div
          data-test="block-"
          class="sc-bdVaJa fGzlqx"
        >
          <div
            class="sc-htpNat wioCx"
          >
            <div
              class="sc-bxivhb joTsHV"
            >
              <h3
                class="sc-bwzfXH kgEpTV"
              >
                Specialistkompetens
              </h3>
            </div>
            <div
              class="sc-EHOje hJrdUN"
            >
              <div
                class="Paragraph__StyledParagraph-n6tulf-0 kcTDfe"
              >
                <div>
                  <p>
                    HTML5, CSS and JavaScript.
                  </p>
                </div>
              </div>
            </div>
          </div>
        </div>
      </div>
    </div>
  </div>
</div>
`;
