// Jest Snapshot v1, https://goo.gl/fbAQLP

exports[`components/Work renders Work 1`] = `
<div>
  <div
    style="height: 700px;"
    class="lazyload-placeholder"
  />
  <div
    class="s7kn9a1-0-GridColumn__GridColumnClean-lcQAdD iyGAEe"
  >
    <div
      class="s3nsc5b-0-PaddedRow-hWTqUj iUATLn"
    >
      <div
        class="Filter__Wrap-s16ccbkk-0 evelsV"
        data-test="filter-"
        tabindex="0"
      >
        Alla
      </div>
      <div
        class="Filter__Wrap-s16ccbkk-0 lgKsfF"
        data-test="filter-Stockholm"
        tabindex="0"
      >
        Stockholm
      </div>
      <div
        class="Filter__Wrap-s16ccbkk-0 lgKsfF"
        data-test="filter-Göteborg"
        tabindex="0"
      >
        Göteborg
      </div>
    </div>
    <div
      class="react-reveal"
      style="opacity: 1;"
    >
      <div
        class="PaddedRow-s3nsc5b-0 kZVCTc"
        data-test="block-location"
      >
        <div
          class="Block__Content-jdahsb-0 jnCWxO"
        >
          <div
            class="Block__TitleWrap-jdahsb-1 dkYDLt"
          >
            <h3
              class="H3-s19jy0q4-0 bXouBG"
            >
              Junior UX Designer
            </h3>
            <div
              class="Block__Subtitle-jdahsb-2 enSAoq"
            >
              Stockholm
            </div>
          </div>
          <div
            class="Block__Text-jdahsb-3 bdZkSQ"
          >
            <div
              class="Paragraph__StyledParagraph-s13mwy58-0 kBKPHf"
            >
              <div>
                <p>
                  Som UX designer på Iteam är din roll att hjälpa våra kunder med digitala lösningar som skapar värde på riktigt. Som gör något bra både för kunden, slutanvändaren och samhället. Med hjälp av olika researchmetoder undersöker du både användarens och kundens behov och kontext, samt definierar och testar användarupplevelser.
                </p>
                <p>
                  Du delar med dig av din kunskap inom user experience. Du förstår också att om lösningar ska vara verkligt användarvänliga behöver även arbetsprocesserna och kulturen vara användarcentrerad. Vi strävar mot att UX aldrig ska få vara bara en fas eller en eftertanke. Det ska genomsyra hela projektet. Alltid. 
                </p>
              </div>
            </div>
            <a
              class="Link__StyledLink-kqcp4a-0 exsHFb"
              href="/jobba-hos-oss/junior-ux-designer"
            >
              Läs mer
            </a>
          </div>
        </div>
      </div>
    </div>
  </div>
  <div
    class="s7kn9a1-0-GridColumn__GridColumnClean-lcQAdD hcBJZm"
  >
    <div
      class="TeamMembers__Members-gavpkf-0 uMipK"
    >
      <div
        class="TeamMemberDuo__Colleague-s9kjazo-0 XxNhO"
      >
        <a
          class="PrefetchLink__StyledLink-n3ecxs-0 JPiJu"
          href="/teamet/cmm"
        >
          <div
            style="height: 226px;"
            class="lazyload-placeholder"
          />
        </a>
        <div
          class="TeamMemberDuo__Meta-s9kjazo-1 gzvJxw"
        >
          <div
            class="TeamMemberDuo__MetaSection-s9kjazo-3 XeOZD"
          >
            <div
              class="TeamMemberDuo__Title-s9kjazo-2 dFgPDl"
            >
              Cookie master
            </div>
            <div>
              Stockholm
            </div>
          </div>
          <div
            class="TeamMemberDuo__Title-s9kjazo-2 dFgPDl"
          >
            Cookie M
          </div>
          <div>
            <a
              class="s1qo6rwq-0-NativeLink-jXoiCT dJdJnO"
              href="tel:0701234567"
            >
              070-123 45 67
            </a>
          </div>
          <a
            class="NativeLink-s1qo6rwq-0 jNinQt"
            href="mailto:cm@sesame.com"
          >
            cm@sesame.com
          </a>
        </div>
      </div>
      <div
        class="TeamMemberDuo__Colleague-s9kjazo-0 XxNhO"
      >
        <a
          class="PrefetchLink__StyledLink-n3ecxs-0 JPiJu"
          href="/teamet/cvc"
        >
          <div
            style="height: 226px;"
            class="lazyload-placeholder"
          />
        </a>
        <div
          class="TeamMemberDuo__Meta-s9kjazo-1 gzvJxw"
        >
          <div
            class="TeamMemberDuo__MetaSection-s9kjazo-3 XeOZD"
          >
            <div
              class="TeamMemberDuo__Title-s9kjazo-2 dFgPDl"
            >
              1 ahahah
            </div>
            <div>
              Göteborg
            </div>
          </div>
          <div
            class="TeamMemberDuo__Title-s9kjazo-2 dFgPDl"
          >
            Count van Count
          </div>
          <div>
            <a
              class="s1qo6rwq-0-NativeLink-jXoiCT dJdJnO"
              href="tel:0707654321"
            >
              070-765 43 21
            </a>
          </div>
          <a
            class="NativeLink-s1qo6rwq-0 jNinQt"
            href="mailto:count@sesame.com"
          >
            count@sesame.com
          </a>
        </div>
      </div>
    </div>
  </div>
</div>
`;
