// Jest Snapshot v1, https://goo.gl/fbAQLP

exports[`components/Work renders Work 1`] = `
<div>
  <div>
    <div
      class="sc-kTUwUJ dSQtlA"
    >
      <div
        class="sc-dqBHgY jzsvTx"
      >
        <div
          class="sc-jwKygS jinUXi"
        >
          <a
            class="sc-btzYZH iNlviF"
          >
            <img
              class="sc-lhVmIH cZUBMJ"
              data-testid="logo"
              path="test-file-stub"
            />
          </a>
          <div
            class="sc-bYSBpT ffXmNN"
          >
            <a
              class="sc-jtRfpW jkixbM"
              aria-current="false"
            >
              Case
            </a>
            <a
              class="sc-jtRfpW jkixbM"
              aria-current="false"
            >
              AI
            </a>
            <a
              class="sc-jtRfpW jkixbM"
              aria-current="false"
            >
              Metod
            </a>
            <a
              class="sc-jtRfpW jkixbM"
              aria-current="false"
            >
              Medarbetare
            </a>
            <a
              class="sc-jtRfpW jkixbM"
              aria-current="false"
            >
              Karriär
            </a>
            <a
              class="sc-jtRfpW jkixbM"
              aria-current="false"
            >
              Om
            </a>
            <div
              class="sc-elJkPf ruddK"
            />
          </div>
        </div>
        <div
          class="sc-gxMtzJ gVSKut"
        >
          <h1
            class="sc-dfVpRl ckeprI"
          >
            <span>
              Bli en del av teamet
            </span>
          </h1>
        </div>
      </div>
    </div>
  </div>
  <div
    class="sc-iwsKbI cTexZb"
  >
    <div
      class="sc-jqCOkK YHguG"
    >
      <div
        class="sc-dNLxif pFwob"
        data-test="filter-"
        tabindex="0"
      >
        Alla
      </div>
      <div
        class="sc-dNLxif kCTdee"
        data-test="filter-Stockholm"
        tabindex="0"
      >
        Stockholm
      </div>
      <div
        class="sc-dNLxif kCTdee"
        data-test="filter-Göteborg"
        tabindex="0"
      >
        Göteborg
      </div>
    </div>
    <div
      class="react-reveal"
      style="opacity: 1;"
    >
      <div
        class="sc-bdVaJa fGzlqx"
        data-test="block-location"
      >
        <div
          class="sc-bxivhb cjRyOF"
        >
          <div
            class="sc-ifAKCX fTHWMI"
          >
            <h3
              class="sc-bwzfXH kgEpTV"
            >
              Junior UX Designer
            </h3>
            <div
              class="sc-EHOje cQMefO"
            >
              Stockholm
            </div>
          </div>
          <div
            class="sc-bZQynM fQTIXp"
          >
            <div
              class="sc-htpNat bkGJgg"
            >
              <div>
                <p>
                  Som UX designer på Iteam är din roll att hjälpa våra kunder med digitala lösningar som skapar värde på riktigt. Som gör något bra både för kunden, slutanvändaren och samhället. Med hjälp av olika researchmetoder undersöker du både användarens och kundens behov och kontext, samt definierar och testar användarupplevelser.
                </p>
                <p>
                  Du delar med dig av din kunskap inom user experience. Du förstår också att om lösningar ska vara verkligt användarvänliga behöver även arbetsprocesserna och kulturen vara användarcentrerad. Vi strävar mot att UX aldrig ska få vara bara en fas eller en eftertanke. Det ska genomsyra hela projektet. Alltid. 
                </p>
              </div>
            </div>
            <a
              class="sc-jhAzac eJSshj"
              black="0"
            >
              Läs mer och ansök
            </a>
          </div>
        </div>
      </div>
    </div>
    <div
      class="react-reveal"
      style="opacity: 1;"
    >
      <div
        class="sc-bdVaJa fGzlqx"
        data-test="block-"
      >
        <div
          class="sc-bxivhb cjRyOF"
        >
          <div
            class="sc-ifAKCX fTHWMI"
          >
            <h3
              class="sc-bwzfXH kgEpTV"
            >
              Inget som passar?
            </h3>
          </div>
          <div
            class="sc-bZQynM fQTIXp"
          >
            <div
              class="sc-htpNat bkGJgg"
            >
              <div>
                <p>
                  Gör en 
                  <a
                    href="mailto:joinus@iteam.se"
                  >
                    spontanansökan
                  </a>
                  !
                </p>
              </div>
            </div>
          </div>
        </div>
      </div>
    </div>
  </div>
</div>
`;
