// Jest Snapshot v1, https://goo.gl/fbAQLP

exports[`components/Header renders Header 1`] = `
<div>
  <div>
    <div
      class="sc-kPVwWT bSmXif"
    >
      <div
        class="sc-kfGgVZ edWmHS"
      >
        <div
          class="sc-dqBHgY gjxVDz"
        >
          <a
            class="sc-gxMtzJ kOumIc"
          >
            <img
              class="sc-dfVpRl hCBclb"
              data-testid="logo"
              path="test-file-stub"
            />
          </a>
          <div
            class="sc-gzOgki hIitGM"
          >
            <a
              class="sc-hwwEjo bNunJs"
              aria-current="false"
            >
              Case
            </a>
            <a
              class="sc-hwwEjo bNunJs"
              aria-current="false"
            >
              AI
            </a>
            <a
              class="sc-hwwEjo bNunJs"
              aria-current="false"
            >
              Metod
            </a>
            <a
              class="sc-hwwEjo bNunJs"
              aria-current="false"
            >
              Medarbetare
            </a>
            <a
              class="sc-hwwEjo bNunJs"
              aria-current="false"
            >
              Karriär
            </a>
            <a
              class="sc-hwwEjo bNunJs"
              aria-current="false"
            >
              Om
            </a>
            <div
              class="sc-iyvyFf huuMAx"
            />
          </div>
        </div>
        <div
          class="sc-esjQYD ggfGZw"
        >
          <h1
            class="sc-kIPQKe bYYaXA"
          >
            <span>
              Vi digitaliserar företag och organisationer
            </span>
          </h1>
          <h1
            class="sc-kIPQKe bYYaXA"
          >
            <span>
              genom strategi, kod och kultur
            </span>
          </h1>
        </div>
      </div>
    </div>
  </div>
</div>
`;
