// Jest Snapshot v1, https://goo.gl/fbAQLP

exports[`components/Header renders Header 1`] = `
<div>
  <div>
    <div
      class="sc-hXRMBi cKkRq"
    >
      <div
        class="sc-epnACN clTMmR"
      >
        <div
          class="sc-RefOD dRerTS"
        >
          <a
            class="sc-iQKALj hsoUcy"
          >
            <img
              class="sc-bwCtUz bkTptg"
              data-testid="logo"
              path="test-file-stub"
            />
          </a>
          <div
            class="sc-hrWEMg hMIKNI"
          >
            <a
              class="sc-gwVKww gHHExp"
              aria-current="false"
            >
              Case
            </a>
            <a
              class="sc-gwVKww gHHExp"
              aria-current="false"
            >
              AI
            </a>
            <a
              class="sc-gwVKww gHHExp"
              aria-current="false"
            >
              Metod
            </a>
            <a
              class="sc-gwVKww gHHExp"
              aria-current="false"
            >
              Medarbetare
            </a>
            <a
              class="sc-gwVKww gHHExp"
              aria-current="false"
            >
              Karriär
            </a>
            <a
              class="sc-gwVKww gHHExp"
              aria-current="false"
            >
              Om
            </a>
            <div
              class="sc-eTuwsz jlOGFS"
            />
          </div>
        </div>
        <div
          class="sc-iQNlJl eqfZDi"
        >
          <h1
            class="sc-bsbRJL gEprnZ"
          >
            <span>
              Vi digitaliserar företag och organisationer
              genom strategi, kod och kultur
            </span>
          </h1>
        </div>
      </div>
    </div>
  </div>
</div>
`;
