// Jest Snapshot v1, https://goo.gl/fbAQLP

exports[`App renders App 1`] = `
<div>
  <div
    style="height: 700px;"
    class="lazyload-placeholder"
  />
  <div
    class="GridColumn__GridColumnClean-lcQAdD eeOKQI"
  >
    <div
      class="Home__Content-s15fccpq-0 htMAwU"
    >
      <img
        class="Home__StylizedIteam-s15fccpq-2 hgtCAO"
        src="iteam_stylized.png"
      />
      <div
        class="Home__Texts-s15fccpq-1 eCpoTV"
      >
        <div
          class="s3nsc5b-0-PaddedRow-hWTqUj khULXJ"
        >
          <h1
            class="H1-x5hh3k-0 eejZji"
          >
            Kod
          </h1>
          <div
            class="Paragraph__StyledParagraph-s13mwy58-0 kBKPHf"
          >
            <div>
              <p>
                Systemutveckling, automatisering, artificiell intelligens, maskininlärning. Vi har alla redskap du behöver för att bygga vad du vill. Det du vill. Och vet du inte vad du behöver så hjälper vi dig med det med.
              </p>
            </div>
          </div>
          <img
            class="Home__CompanyLogo-s15fccpq-3 bmmzFx"
            src="//images.ctfassets.net/rj4r6yfcesw5/3qnZSfySW4cEGoUo6KCAae/8a656eba15e15b61dacc9fbea38aa4bd/logo_af.png"
          />
          <a
            class="Link__StyledLink-kqcp4a-0 exsHFb"
            href="/case/arbetsformedlingen"
          >
            Läs om hur vi hjälper Arbetsförmedlingen med kod
          </a>
        </div>
        <div
          class="s3nsc5b-0-PaddedRow-hWTqUj khULXJ"
        >
          <h1
            class="H1-x5hh3k-0 eejZji"
          >
            Strategi
          </h1>
          <div
            class="Paragraph__StyledParagraph-s13mwy58-0 kBKPHf"
          >
            <div>
              <p>
                Vi digitaliserar Sverige. Pompigt! Men det betyder att vi hjälper dig att leda digitaliseringen istället för att vara den som blir lämnad på efterkälken. Både på den marknad där du verkar, och de marknader du inte ens visste att du borde verka på.
              </p>
            </div>
          </div>
          <img
            class="Home__CompanyLogo-s15fccpq-3 bmmzFx"
            src="//images.ctfassets.net/rj4r6yfcesw5/1mv5fxBGLmeyWom4OI2WsI/a4d79cae2076b43aea926db2f1244b52/logo_tsab.png"
          />
          <a
            class="Link__StyledLink-kqcp4a-0 exsHFb"
            href="/case/tsab"
          >
            Läs om hur vi hjälper Taxi Stockholm med strategi
          </a>
        </div>
        <div
          class="s3nsc5b-0-PaddedRow-hWTqUj khULXJ"
        >
          <h1
            class="H1-x5hh3k-0 eejZji"
          >
            Kultur
          </h1>
          <div
            class="Paragraph__StyledParagraph-s13mwy58-0 kBKPHf"
          >
            <div>
              <p>
                Ibland ser vi oss som kulturarbetare. Det räcker inte att bygga digitala tjänster åt sina användare. Det är först när hela din organisation tänker, andas och lever digitalt som ni digitaliseras. på riktigt. Vi rustar dig för framtiden helt enkelt.
              </p>
            </div>
          </div>
          <img
            class="Home__CompanyLogo-s15fccpq-3 bmmzFx"
            src="//images.ctfassets.net/rj4r6yfcesw5/4D844WR1v20ICIOG4SK0y8/15a008277f5565d9f52fbd5312f6e121/logo_seb.png"
          />
          <a
            class="Link__StyledLink-kqcp4a-0 exsHFb"
            href="/case/seb"
          >
            Läs om hur vi hjälper SEB med kultur
          </a>
        </div>
      </div>
    </div>
  </div>
  <div
    class="s7kn9a1-0-GridColumn__GridColumnClean-lcQAdD lbDVJp"
  >
    <div
      class="OperationsBanner__Overlay-s6plh63-0 eUEmcx"
    />
    <div
      class="OperationsBanner__Content-s6plh63-1 YGXrX"
    >
      <h2
        class="H2-s1x2w9v8-0 exLhgN"
      >
        Visste du att vi även erbjuder drift & support?
      </h2>
      <a
        class="Button-s1kb8b7s-0 bphzbK"
        href="/ops"
      >
        Iteam Operations
      </a>
    </div>
  </div>
  <div
    class="s7kn9a1-0-GridColumn__GridColumnClean-lcQAdD dXaaGv"
  >
    <div
      class="TeamMembers__Members-gavpkf-0 kvZgxv"
    >
      <div
        class="Colleague-s1m0ml37-0 cknafA"
      >
        <div
          class="TeamMember__Title-ahjagd-0 elIZCP"
        >
          Cookie master
        </div>
        <div
          class="TeamMember__Location-ahjagd-1 dnfurN"
          data-test="team-member-location"
        >
          Stockholm
        </div>
        <a
          class="PrefetchLink__StyledLink-n3ecxs-0 JPiJu"
          href="/teamet/cmm"
        >
          <div
            class="TeamMember__AvatarWrap-ahjagd-2 hOPutZ"
          >
            <div
              style="height: 226px;"
              class="lazyload-placeholder"
            />
          </div>
        </a>
        <div
          class="TeamMember__Title-ahjagd-0 elIZCP"
        >
          Cookie M
        </div>
        <a
          class="NativeLink-s1qo6rwq-0 jNinQt"
          href="mailto:cm@sesame.com"
        >
          cm@sesame.com
        </a>
      </div>
      <div
        class="Colleague-s1m0ml37-0 cknafA"
      >
        <div
          class="TeamMember__Title-ahjagd-0 elIZCP"
        >
          1 ahahah
        </div>
        <div
          class="TeamMember__Location-ahjagd-1 dnfurN"
          data-test="team-member-location"
        >
          Göteborg
        </div>
        <a
          class="PrefetchLink__StyledLink-n3ecxs-0 JPiJu"
          href="/teamet/cvc"
        >
          <div
            class="TeamMember__AvatarWrap-ahjagd-2 hOPutZ"
          >
            <div
              style="height: 226px;"
              class="lazyload-placeholder"
            />
          </div>
        </a>
        <div
          class="TeamMember__Title-ahjagd-0 elIZCP"
        >
          Count van Count
        </div>
        <a
          class="NativeLink-s1qo6rwq-0 jNinQt"
          href="mailto:count@sesame.com"
        >
          count@sesame.com
        </a>
      </div>
    </div>
  </div>
  <div
    class="MobileMenu__Wrap-s128ahbw-0 eHbiAP"
  >
    <button
      class="MenuButton__Button-cyy49g-0 xzjBp"
      aria-label="Menu button"
      data-testid="btn-mobile-menu"
      role="button"
    >
      <div
        class="MenuButton__Hamburger-cyy49g-2 ivvWAI"
      >
        <div
          class="MenuButton__Bar-cyy49g-1 dymejY"
        />
        <div
          class="MenuButton__Bar-cyy49g-1 dymejY"
        />
        <div
          class="MenuButton__Bar-cyy49g-1 dymejY"
        />
      </div>
    </button>
  </div>
  <div
    class="GridColumn__GridColumnClean-lcQAdD cMYMfO"
  >
    <div
      class="Footer__FooterSections-xtla5m-0 cgXbGm"
    >
      <div
        class="Location__Wrap-s1et3i43-0 gDiDVe"
      >
        <div
          class="Location__Title-s1et3i43-1 hOnjvR"
        >
          Iteam Göteborg
        </div>
        <div
          class="Location__Address-s1et3i43-2 bVugku"
        >
          <ul
            class="UnstyledList-s1ntpurm-0 gEDRFE"
          >
            <li>
              Haga Kyrkogata 28
            </li>
            <li>
              411 23
              Göteborg
            </li>
          </ul>
        </div>
        <ul
          class="UnstyledList-s1ntpurm-0 gEDRFE"
        >
          <li>
            +46 734 029 112
          </li>
          <li>
            johanna.grahn@iteam.se
          </li>
          <li>
            ORG: 
            556551-6928
          </li>
        </ul>
      </div>
      <div
        class="Location__Wrap-s1et3i43-0 gDiDVe"
      >
        <div
          class="Location__Title-s1et3i43-1 hOnjvR"
        >
          Iteam Stockholm
        </div>
        <div
          class="Location__Address-s1et3i43-2 bVugku"
        >
          <ul
            class="UnstyledList-s1ntpurm-0 gEDRFE"
          >
            <li>
              Östermalmsgatan 26A
            </li>
            <li>
              114 26
              Stockholm
            </li>
          </ul>
        </div>
        <ul
          class="UnstyledList-s1ntpurm-0 gEDRFE"
        >
          <li>
            +46 826 70 90
          </li>
          <li>
            info@iteam.se
          </li>
          <li>
            ORG: 
            556551-6928
          </li>
        </ul>
      </div>
      <div
        class="Footer__SocialMedia-xtla5m-2 fltlKn"
      >
        <div
          class="Footer__Title-xtla5m-1 hAElLH"
        >
          Följ oss
        </div>
        <ul
          class="UnstyledList-s1ntpurm-0 gEDRFE"
        >
          <li
            class="Footer__SocialMediaItem-xtla5m-3 eUeiui"
          >
            <img
              class="Footer__SocialMediaIcon-xtla5m-4 bRvQuN"
              src="icon_fb.svg"
              alt=""
            />
            <a
              class="NativeLink-s1qo6rwq-0 jNinQt"
              href="https://www.facebook.com/iteam1337/"
            >
              Facebook
            </a>
          </li>
          <li
            class="Footer__SocialMediaItem-xtla5m-3 eUeiui"
          >
            <img
              class="Footer__SocialMediaIcon-xtla5m-4 bRvQuN"
              src="icon_instagram.svg"
              alt=""
            />
            <a
              class="NativeLink-s1qo6rwq-0 jNinQt"
              href="https://instagram.com/iteam1337"
            >
              Instagram
            </a>
          </li>
          <li
            class="Footer__SocialMediaItem-xtla5m-3 eUeiui"
          >
            <img
              class="Footer__SocialMediaIcon-xtla5m-4 bRvQuN"
              src="icon_linkedin.svg"
              alt=""
            />
            <a
              class="NativeLink-s1qo6rwq-0 jNinQt"
              href="https://www.linkedin.com/company/270569/"
            >
              LinkedIn
            </a>
          </li>
          <li
            class="Footer__SocialMediaItem-xtla5m-3 eUeiui"
          >
            <img
              class="Footer__SocialMediaIcon-xtla5m-4 bRvQuN"
              src="icon_youtube.svg"
              alt=""
            />
            <a
              class="NativeLink-s1qo6rwq-0 jNinQt"
              href="https://www.youtube.com/channel/UCU2TdLZ7p0jEuuGUxaod4lw"
            >
              YouTube
            </a>
          </li>
          <li
            class="Footer__SocialMediaItem-xtla5m-3 eUeiui"
          >
            <img
              class="Footer__SocialMediaIcon-xtla5m-4 bRvQuN"
              src="icon_mynewsdesk.svg"
              alt=""
            />
            <a
              class="NativeLink-s1qo6rwq-0 jNinQt"
              href="http://www.mynewsdesk.com/se/iteam"
            >
              MyNewsDesk
            </a>
          </li>
        </ul>
      </div>
    </div>
  </div>
</div>
`;
