// Jest Snapshot v1, https://goo.gl/fbAQLP

exports[`App renders App 1`] = `
<div>
  <div
    class="sc-gojNiO bUPETK"
  >
    <div
      class="sc-iujRgT ezliNn"
    >
      <div
        class="sc-cQFLBn hXrTJf"
      >
        <div
          class="sc-GMQeP jSLFuw"
        >
          <a
            class="sc-bAeIUo fjObAb"
          >
            <img
              class="sc-exAgwC irWrog"
              alt="Logo"
              src="test-file-stub"
            />
          </a>
        </div>
      </div>
    </div>
    <div
      class="sc-daURTG jTTXcB"
    >
      <img
        class="sc-bXGyLb gxvEEt"
        alt="broken"
        src="test-file-stub"
      />
      <div
        class="sc-eLExRp kAnlqK"
      >
        <h1
          class="sc-lkqHmb csWpgQ"
        >
          Oj, någonting gick snett!
        </h1>
        <div
          class="sc-htpNat bkGJgg"
        >
          <div>
            <p>
              Det blir inte alltid som man tänkt sig. Tyvärr finns inte sidan du försökte nå, antingen är länken fel eller så har sidan flyttats. Men du behöver inte oroa dig, vi ska göra allt vi kan för att detta inte ska hända igen.
            </p>
          </div>
        </div>
        <a
          class="sc-cbkKFq kKWnWW"
        >
          Ta mig tillbaka till startsidan
        </a>
      </div>
    </div>
  </div>
</div>
`;
