// Jest Snapshot v1, https://goo.gl/fbAQLP

exports[`App renders App 1`] = `
<div>
  <div
    class="sc-eLExRp hhMQTZ"
  >
    <button
      class="sc-exAgwC jqAmCX"
      aria-label="Menu button"
      data-testid="btn-mobile-menu"
      role="button"
    >
      <div
        class="sc-gojNiO ixAttR"
      >
        <div
          class="sc-cQFLBn clVStQ"
        />
        <div
          class="sc-cQFLBn clVStQ"
        />
        <div
          class="sc-cQFLBn clVStQ"
        />
      </div>
    </button>
  </div>
  <div
    class="sc-hMFtBS bNtZdn"
  >
    <div
      class="sc-cLQEGU HJkVy"
    >
      <div
        class="sc-hZSUBg fMTTZm"
      >
        <div
          class="sc-cMhqgX kHrnQp"
        >
          Iteam Göteborg
        </div>
        <div
          class="sc-iuJeZd glPZiI"
        >
          <ul
            class="sc-kAzzGY bxsBVD"
          >
            <li>
              Haga Kyrkogata 28
            </li>
            <li>
              411 23
              Göteborg
            </li>
          </ul>
        </div>
        <ul
          class="sc-kAzzGY bxsBVD"
        >
          <li>
            +46 734 029 112
          </li>
          <li
            class="sc-cmthru WOJnp"
          >
            <a
              class="sc-esOvli dMIGps"
            >
              johanna.grahn@iteam.se
            </a>
          </li>
          <li>
            ORG: 
            556551-6928
          </li>
        </ul>
      </div>
      <div
        class="sc-hZSUBg fMTTZm"
      >
        <div
          class="sc-cMhqgX kHrnQp"
        >
          Iteam Stockholm
        </div>
        <div
          class="sc-iuJeZd glPZiI"
        >
          <ul
            class="sc-kAzzGY bxsBVD"
          >
            <li>
              Östermalmsgatan 26A
            </li>
            <li>
              114 26
              Stockholm
            </li>
          </ul>
        </div>
        <ul
          class="sc-kAzzGY bxsBVD"
        >
          <li>
            +46 826 70 90
          </li>
          <li
            class="sc-cmthru WOJnp"
          >
            <a
              class="sc-esOvli dMIGps"
            >
              info@iteam.se
            </a>
          </li>
          <li>
            ORG: 
            556551-6928
          </li>
        </ul>
      </div>
      <div
        class="sc-hORach jBrJiT"
      >
        <div
          class="sc-gqPbQI nneVN"
        >
          Följ oss
        </div>
        <ul
          class="sc-kAzzGY bxsBVD"
        >
          <li
            class="sc-bMVAic dltDGj"
          >
            <img
              class="sc-bAeIUo ghSJa"
              src="test-file-stub"
              alt=""
            />
            <a
              class="sc-iujRgT kPAKfD"
              href="https://www.facebook.com/iteam1337/"
            >
              Facebook
            </a>
          </li>
          <li
            class="sc-bMVAic dltDGj"
          >
            <img
              class="sc-bAeIUo ghSJa"
              src="test-file-stub"
              alt=""
            />
            <a
              class="sc-iujRgT kPAKfD"
              href="https://instagram.com/iteam1337"
            >
              Instagram
            </a>
          </li>
          <li
            class="sc-bMVAic dltDGj"
          >
            <img
              class="sc-bAeIUo ghSJa"
              src="test-file-stub"
              alt=""
            />
            <a
              class="sc-iujRgT kPAKfD"
              href="https://www.linkedin.com/company/270569/"
            >
              LinkedIn
            </a>
          </li>
          <li
            class="sc-bMVAic dltDGj"
          >
            <img
              class="sc-bAeIUo ghSJa"
              src="test-file-stub"
              alt=""
            />
            <a
              class="sc-iujRgT kPAKfD"
              href="https://www.youtube.com/channel/UCU2TdLZ7p0jEuuGUxaod4lw"
            >
              YouTube
            </a>
          </li>
          <li
            class="sc-bMVAic dltDGj"
          >
            <img
              class="sc-bAeIUo ghSJa"
              src="test-file-stub"
              alt=""
            />
            <a
              class="sc-iujRgT kPAKfD"
              href="http://www.mynewsdesk.com/se/iteam"
            >
              MyNewsDesk
            </a>
          </li>
        </ul>
      </div>
    </div>
    <div
      class="sc-GMQeP jFfOBi"
    >
      <a
        class="sc-jnlKLf ewlqyw"
        black="1"
      >
        Behöver du supporthjälp?
      </a>
    </div>
  </div>
</div>
`;
