// Jest Snapshot v1, https://goo.gl/fbAQLP

exports[`App renders App 1`] = `
<div>
  <div
    class="sc-hORach fxhqaj"
  >
    <button
      class="sc-iuJeZd ebcabc"
      aria-label="Menu button"
      data-testid="btn-mobile-menu"
      role="button"
    >
      <div
        class="sc-cmthru dvdOXY"
      >
        <div
          class="sc-esOvli fZgnYN"
        />
        <div
          class="sc-esOvli fZgnYN"
        />
        <div
          class="sc-esOvli fZgnYN"
        />
      </div>
    </button>
  </div>
  <div
    class="sc-eTuwsz bmnsej"
  >
    <div
      class="sc-gwVKww dagISy"
    >
      <div
        class="sc-ibxdXY gJMUuu"
      >
        <div
          class="sc-RefOD jTQorW"
        >
          Iteam Göteborg
        </div>
        <div
          class="sc-iQKALj cwUche"
        >
          <ul
            class="sc-kAzzGY bxsBVD"
          >
            <li>
              Haga Kyrkogata 28
            </li>
            <li>
              411 23
              Göteborg
            </li>
          </ul>
        </div>
        <ul
          class="sc-kAzzGY bxsBVD"
        >
          <li>
            +46 734 029 112
          </li>
          <li
            class="sc-hrWEMg eZrCgJ"
          >
            <a
              class="sc-bwCtUz fpnUCg"
            >
              johanna.grahn@iteam.se
            </a>
          </li>
          <li>
            ORG: 
            556551-6928
          </li>
        </ul>
      </div>
      <div
        class="sc-ibxdXY gJMUuu"
      >
        <div
          class="sc-RefOD jTQorW"
        >
          Iteam Stockholm
        </div>
        <div
          class="sc-iQKALj cwUche"
        >
          <ul
            class="sc-kAzzGY bxsBVD"
          >
            <li>
              Östermalmsgatan 26A
            </li>
            <li>
              114 26
              Stockholm
            </li>
          </ul>
        </div>
        <ul
          class="sc-kAzzGY bxsBVD"
        >
          <li>
            +46 826 70 90
          </li>
          <li
            class="sc-hrWEMg eZrCgJ"
          >
            <a
              class="sc-bwCtUz fpnUCg"
            >
              info@iteam.se
            </a>
          </li>
          <li>
            ORG: 
            556551-6928
          </li>
        </ul>
      </div>
      <div
        class="sc-epnACN hsXqzQ"
      >
        <div
          class="sc-hXRMBi eRcyCh"
        >
          Följ oss
        </div>
        <ul
          class="sc-kAzzGY bxsBVD"
        >
          <li
            class="sc-iQNlJl gCWjCx"
          >
            <img
              class="sc-bsbRJL bUCcmb"
              src="test-file-stub"
              alt=""
            />
            <a
              class="sc-hZSUBg gQFtmj"
              href="https://www.facebook.com/iteam1337/"
            >
              Facebook
            </a>
          </li>
          <li
            class="sc-iQNlJl gCWjCx"
          >
            <img
              class="sc-bsbRJL bUCcmb"
              src="test-file-stub"
              alt=""
            />
            <a
              class="sc-hZSUBg gQFtmj"
              href="https://instagram.com/iteam1337"
            >
              Instagram
            </a>
          </li>
          <li
            class="sc-iQNlJl gCWjCx"
          >
            <img
              class="sc-bsbRJL bUCcmb"
              src="test-file-stub"
              alt=""
            />
            <a
              class="sc-hZSUBg gQFtmj"
              href="https://www.linkedin.com/company/270569/"
            >
              LinkedIn
            </a>
          </li>
          <li
            class="sc-iQNlJl gCWjCx"
          >
            <img
              class="sc-bsbRJL bUCcmb"
              src="test-file-stub"
              alt=""
            />
            <a
              class="sc-hZSUBg gQFtmj"
              href="https://www.youtube.com/channel/UCU2TdLZ7p0jEuuGUxaod4lw"
            >
              YouTube
            </a>
          </li>
          <li
            class="sc-iQNlJl gCWjCx"
          >
            <img
              class="sc-bsbRJL bUCcmb"
              src="test-file-stub"
              alt=""
            />
            <a
              class="sc-hZSUBg gQFtmj"
              href="http://www.mynewsdesk.com/se/iteam"
            >
              MyNewsDesk
            </a>
          </li>
        </ul>
      </div>
    </div>
    <div
      class="sc-cMhqgX dwYjBs"
    >
      <a
        class="sc-dNLxif eqOyEz"
      >
        Behöver du supporthjälp?
      </a>
    </div>
  </div>
</div>
`;
