// Jest Snapshot v1, https://goo.gl/fbAQLP

exports[`components/Footer renders Footer 1`] = `
<div>
  <div
    class="sc-hrWEMg hiJxRr"
  >
    <div
      class="sc-eTuwsz gaOqMC"
    >
      <div
        class="sc-eXEjpC eHKpUB"
      >
        <div
          class="sc-ibxdXY gBhUXx"
        >
          Iteam Göteborg
        </div>
        <div
          class="sc-RefOD blRWkh"
        >
          <ul
            class="sc-kAzzGY bxsBVD"
          >
            <li>
              Haga Kyrkogata 28
            </li>
            <li>
              411 23
              Göteborg
            </li>
          </ul>
        </div>
        <ul
          class="sc-kAzzGY bxsBVD"
        >
          <li>
            +46 734 029 112
          </li>
          <li
            class="sc-bwCtUz dwGMJE"
          >
            <a
              class="sc-iQKALj fOsKRv"
            >
              johanna.grahn@iteam.se
            </a>
          </li>
          <li>
            ORG: 
            556551-6928
          </li>
        </ul>
      </div>
      <div
        class="sc-eXEjpC eHKpUB"
      >
        <div
          class="sc-ibxdXY gBhUXx"
        >
          Iteam Stockholm
        </div>
        <div
          class="sc-RefOD blRWkh"
        >
          <ul
            class="sc-kAzzGY bxsBVD"
          >
            <li>
              Östermalmsgatan 26A
            </li>
            <li>
              114 26
              Stockholm
            </li>
          </ul>
        </div>
        <ul
          class="sc-kAzzGY bxsBVD"
        >
          <li>
            +46 826 70 90
          </li>
          <li
            class="sc-bwCtUz dwGMJE"
          >
            <a
              class="sc-iQKALj fOsKRv"
            >
              info@iteam.se
            </a>
          </li>
          <li>
            ORG: 
            556551-6928
          </li>
        </ul>
      </div>
      <div
        class="sc-hXRMBi kcwAsj"
      >
        <div
          class="sc-gwVKww dRnZTI"
        >
          Följ oss
        </div>
        <ul
          class="sc-kAzzGY bxsBVD"
        >
          <li
            class="sc-epnACN cuqEai"
          >
            <img
              class="sc-iQNlJl gSpziM"
              src="test-file-stub"
              alt=""
            />
            <a
              class="sc-bsbRJL kHUrew"
              href="https://www.facebook.com/iteam1337/"
            >
              Facebook
            </a>
          </li>
          <li
            class="sc-epnACN cuqEai"
          >
            <img
              class="sc-iQNlJl gSpziM"
              src="test-file-stub"
              alt=""
            />
            <a
              class="sc-bsbRJL kHUrew"
              href="https://instagram.com/iteam1337"
            >
              Instagram
            </a>
          </li>
          <li
            class="sc-epnACN cuqEai"
          >
            <img
              class="sc-iQNlJl gSpziM"
              src="test-file-stub"
              alt=""
            />
            <a
              class="sc-bsbRJL kHUrew"
              href="https://www.linkedin.com/company/270569/"
            >
              LinkedIn
            </a>
          </li>
          <li
            class="sc-epnACN cuqEai"
          >
            <img
              class="sc-iQNlJl gSpziM"
              src="test-file-stub"
              alt=""
            />
            <a
              class="sc-bsbRJL kHUrew"
              href="https://www.youtube.com/channel/UCU2TdLZ7p0jEuuGUxaod4lw"
            >
              YouTube
            </a>
          </li>
          <li
            class="sc-epnACN cuqEai"
          >
            <img
              class="sc-iQNlJl gSpziM"
              src="test-file-stub"
              alt=""
            />
            <a
              class="sc-bsbRJL kHUrew"
              href="http://www.mynewsdesk.com/se/iteam"
            >
              MyNewsDesk
            </a>
          </li>
        </ul>
      </div>
    </div>
    <div
      class="sc-hZSUBg VKktY"
    >
      <a
        class="sc-jbKcbu cxkpzV"
      >
        Behöver du supporthjälp?
      </a>
    </div>
  </div>
</div>
`;
