// Jest Snapshot v1, https://goo.gl/fbAQLP

exports[`components/Footer renders Footer 1`] = `
<div>
  <div
    class="sc-hZSUBg gCjMfL"
  >
    <div
      class="sc-cMhqgX lhZXsY"
    >
      <div
        class="sc-gwVKww fyIBMT"
      >
        <div
          class="sc-hXRMBi eRcyCh"
        >
          Iteam Göteborg
        </div>
        <div
          class="sc-epnACN cdTdYx"
        >
          <ul
            class="sc-dxgOiQ dcGBDz"
          >
            <li>
              Haga Kyrkogata 28
            </li>
            <li>
              411 23
              Göteborg
            </li>
          </ul>
        </div>
        <ul
          class="sc-dxgOiQ dcGBDz"
        >
          <li>
            +46 734 029 112
          </li>
          <li
            class="sc-bsbRJL lckEFj"
          >
            <a
              class="sc-iQNlJl bMdqMM"
            >
              johanna.grahn@iteam.se
            </a>
          </li>
          <li>
            ORG: 
            556551-6928
          </li>
        </ul>
      </div>
      <div
        class="sc-gwVKww fyIBMT"
      >
        <div
          class="sc-hXRMBi eRcyCh"
        >
          Iteam Stockholm
        </div>
        <div
          class="sc-epnACN cdTdYx"
        >
          <ul
            class="sc-dxgOiQ dcGBDz"
          >
            <li>
              Östermalmsgatan 26A
            </li>
            <li>
              114 26
              Stockholm
            </li>
          </ul>
        </div>
        <ul
          class="sc-dxgOiQ dcGBDz"
        >
          <li>
            +46 826 70 90
          </li>
          <li
            class="sc-bsbRJL lckEFj"
          >
            <a
              class="sc-iQNlJl bMdqMM"
            >
              info@iteam.se
            </a>
          </li>
          <li>
            ORG: 
            556551-6928
          </li>
        </ul>
      </div>
      <div
        class="sc-esOvli bMqLzo"
      >
        <div
          class="sc-iuJeZd ABZio"
        >
          Följ oss
        </div>
        <ul
          class="sc-dxgOiQ dcGBDz"
        >
          <li
            class="sc-cmthru bjhmZs"
          >
            <img
              class="sc-hMFtBS glFKNK"
              src="test-file-stub"
              alt=""
            />
            <a
              class="sc-cLQEGU bzMOQn"
              href="https://www.facebook.com/iteam1337/"
            >
              Facebook
            </a>
          </li>
          <li
            class="sc-cmthru bjhmZs"
          >
            <img
              class="sc-hMFtBS glFKNK"
              src="test-file-stub"
              alt=""
            />
            <a
              class="sc-cLQEGU bzMOQn"
              href="https://instagram.com/iteam1337"
            >
              Instagram
            </a>
          </li>
          <li
            class="sc-cmthru bjhmZs"
          >
            <img
              class="sc-hMFtBS glFKNK"
              src="test-file-stub"
              alt=""
            />
            <a
              class="sc-cLQEGU bzMOQn"
              href="https://www.linkedin.com/company/270569/"
            >
              LinkedIn
            </a>
          </li>
          <li
            class="sc-cmthru bjhmZs"
          >
            <img
              class="sc-hMFtBS glFKNK"
              src="test-file-stub"
              alt=""
            />
            <a
              class="sc-cLQEGU bzMOQn"
              href="https://www.youtube.com/channel/UCU2TdLZ7p0jEuuGUxaod4lw"
            >
              YouTube
            </a>
          </li>
          <li
            class="sc-cmthru bjhmZs"
          >
            <img
              class="sc-hMFtBS glFKNK"
              src="test-file-stub"
              alt=""
            />
            <a
              class="sc-cLQEGU bzMOQn"
              href="http://www.mynewsdesk.com/se/iteam"
            >
              MyNewsDesk
            </a>
          </li>
        </ul>
      </div>
    </div>
    <div
      class="sc-gqPbQI lnbsjh"
    >
      <a
        class="sc-jnlKLf ewlqyw"
        black="1"
      >
        Behöver du supporthjälp?
      </a>
    </div>
  </div>
</div>
`;
