// Jest Snapshot v1, https://goo.gl/fbAQLP

exports[`components/Footer renders Footer 1`] = `
<div>
  <div
    class="GridColumn__GridColumnClean-sc-1xz61ww-0 sc-bdVaJa sc-kEYyzF QoRYH"
  >
    <div
      class="Footer__FooterSections-sc-1xlg8it-0 fyRAzu"
    >
      <div
        class="Location__Wrap-vwmy4q-0 hUXELZ"
      >
        <div
          class="Location__Title-vwmy4q-1 jAlFay"
        >
          Iteam Göteborg
        </div>
        <div
          class="Location__Address-vwmy4q-2 eHaFTN"
        >
          <ul
            class="UnstyledList-r59lsu-0 dCBFDj"
          >
            <li>
              Haga Kyrkogata 28
            </li>
            <li>
              411 23
              Göteborg
            </li>
          </ul>
        </div>
        <ul
          class="UnstyledList-r59lsu-0 dCBFDj"
        >
          <li>
            +46 734 029 112
          </li>
          <li
            class="Location__ContactMail-vwmy4q-3 jaXxzV"
          >
            <a
              class="NativeLink-sc-1sy7t3m-0 sc-hMqMXs iDCWvR"
            >
              johanna.grahn@iteam.se
            </a>
          </li>
          <li>
            ORG: 
            556551-6928
          </li>
        </ul>
      </div>
      <div
        class="Location__Wrap-vwmy4q-0 hUXELZ"
      >
        <div
          class="Location__Title-vwmy4q-1 jAlFay"
        >
          Iteam Stockholm
        </div>
        <div
          class="Location__Address-vwmy4q-2 eHaFTN"
        >
          <ul
            class="UnstyledList-r59lsu-0 dCBFDj"
          >
            <li>
              Östermalmsgatan 26A
            </li>
            <li>
              114 26
              Stockholm
            </li>
          </ul>
        </div>
        <ul
          class="UnstyledList-r59lsu-0 dCBFDj"
        >
          <li>
            +46 826 70 90
          </li>
          <li
            class="Location__ContactMail-vwmy4q-3 jaXxzV"
          >
            <a
              class="NativeLink-sc-1sy7t3m-0 sc-hMqMXs iDCWvR"
            >
              info@iteam.se
            </a>
          </li>
          <li>
            ORG: 
            556551-6928
          </li>
        </ul>
      </div>
      <div
        class="Footer__SocialMedia-sc-1xlg8it-2 bHiqIp"
      >
        <div
          class="Footer__Title-sc-1xlg8it-1 cZudjP"
        >
          Följ oss
        </div>
        <ul
          class="UnstyledList-r59lsu-0 dCBFDj"
        >
          <li
            class="Footer__SocialMediaItem-sc-1xlg8it-3 jxvvt"
          >
            <img
              src="test-file-stub"
              alt=""
              class="Footer__SocialMediaIcon-sc-1xlg8it-4 knWPqg"
            />
            <a
              href="https://www.facebook.com/iteam1337/"
              class="NativeLink-sc-1sy7t3m-0 sc-kkGfuU jGzTMo"
            >
              Facebook
            </a>
          </li>
          <li
            class="Footer__SocialMediaItem-sc-1xlg8it-3 jxvvt"
          >
            <img
              src="test-file-stub"
              alt=""
              class="Footer__SocialMediaIcon-sc-1xlg8it-4 knWPqg"
            />
            <a
              href="https://instagram.com/iteam1337"
              class="NativeLink-sc-1sy7t3m-0 sc-kkGfuU jGzTMo"
            >
              Instagram
            </a>
          </li>
          <li
            class="Footer__SocialMediaItem-sc-1xlg8it-3 jxvvt"
          >
            <img
              src="test-file-stub"
              alt=""
              class="Footer__SocialMediaIcon-sc-1xlg8it-4 knWPqg"
            />
            <a
              href="https://www.linkedin.com/company/270569/"
              class="NativeLink-sc-1sy7t3m-0 sc-kkGfuU jGzTMo"
            >
              LinkedIn
            </a>
          </li>
          <li
            class="Footer__SocialMediaItem-sc-1xlg8it-3 jxvvt"
          >
            <img
              src="test-file-stub"
              alt=""
              class="Footer__SocialMediaIcon-sc-1xlg8it-4 knWPqg"
            />
            <a
              href="https://www.youtube.com/channel/UCU2TdLZ7p0jEuuGUxaod4lw"
              class="NativeLink-sc-1sy7t3m-0 sc-kkGfuU jGzTMo"
            >
              YouTube
            </a>
          </li>
          <li
            class="Footer__SocialMediaItem-sc-1xlg8it-3 jxvvt"
          >
            <img
              src="test-file-stub"
              alt=""
              class="Footer__SocialMediaIcon-sc-1xlg8it-4 knWPqg"
            />
            <a
              href="http://www.mynewsdesk.com/se/iteam"
              class="NativeLink-sc-1sy7t3m-0 sc-kkGfuU jGzTMo"
            >
              MyNewsDesk
            </a>
          </li>
        </ul>
      </div>
    </div>
    <div
      class="Footer__SupportSection-sc-1xlg8it-5 fPrJRc"
    >
      <a
        black="1"
        class="sc-gqjmRU ijjhUW"
      >
        Behöver du supporthjälp?
      </a>
    </div>
  </div>
</div>
`;
